Archive member included to satisfy reference by file (symbol)

/home/alexandro/AT32IDE/platform/tools/gcc-arm-none-eabi-10.3-2021.10/bin/../lib/gcc/arm-none-eabi/10.3.1/../../../../arm-none-eabi/lib/thumb/v7e-m+fp/hard/libg_nano.a(lib_a-exit.o)
                              /home/alexandro/AT32IDE/platform/tools/gcc-arm-none-eabi-10.3-2021.10/bin/../lib/gcc/arm-none-eabi/10.3.1/../../../../arm-none-eabi/lib/thumb/v7e-m+fp/hard/crt0.o (exit)
/home/alexandro/AT32IDE/platform/tools/gcc-arm-none-eabi-10.3-2021.10/bin/../lib/gcc/arm-none-eabi/10.3.1/../../../../arm-none-eabi/lib/thumb/v7e-m+fp/hard/libg_nano.a(lib_a-impure.o)
                              /home/alexandro/AT32IDE/platform/tools/gcc-arm-none-eabi-10.3-2021.10/bin/../lib/gcc/arm-none-eabi/10.3.1/../../../../arm-none-eabi/lib/thumb/v7e-m+fp/hard/libg_nano.a(lib_a-exit.o) (_global_impure_ptr)
/home/alexandro/AT32IDE/platform/tools/gcc-arm-none-eabi-10.3-2021.10/bin/../lib/gcc/arm-none-eabi/10.3.1/../../../../arm-none-eabi/lib/thumb/v7e-m+fp/hard/libg_nano.a(lib_a-init.o)
                              /home/alexandro/AT32IDE/platform/tools/gcc-arm-none-eabi-10.3-2021.10/bin/../lib/gcc/arm-none-eabi/10.3.1/../../../../arm-none-eabi/lib/thumb/v7e-m+fp/hard/crt0.o (__libc_init_array)
/home/alexandro/AT32IDE/platform/tools/gcc-arm-none-eabi-10.3-2021.10/bin/../lib/gcc/arm-none-eabi/10.3.1/../../../../arm-none-eabi/lib/thumb/v7e-m+fp/hard/libg_nano.a(lib_a-memcpy-stub.o)
                              ./user/encoder_navigation.o (memcpy)
/home/alexandro/AT32IDE/platform/tools/gcc-arm-none-eabi-10.3-2021.10/bin/../lib/gcc/arm-none-eabi/10.3.1/../../../../arm-none-eabi/lib/thumb/v7e-m+fp/hard/libg_nano.a(lib_a-memset.o)
                              /home/alexandro/AT32IDE/platform/tools/gcc-arm-none-eabi-10.3-2021.10/bin/../lib/gcc/arm-none-eabi/10.3.1/../../../../arm-none-eabi/lib/thumb/v7e-m+fp/hard/crt0.o (memset)
/home/alexandro/AT32IDE/platform/tools/gcc-arm-none-eabi-10.3-2021.10/bin/../lib/gcc/arm-none-eabi/10.3.1/../../../../arm-none-eabi/lib/thumb/v7e-m+fp/hard/libg_nano.a(lib_a-setvbuf.o)
                              ./bsp/at32f403a_407_board.o (setvbuf)
/home/alexandro/AT32IDE/platform/tools/gcc-arm-none-eabi-10.3-2021.10/bin/../lib/gcc/arm-none-eabi/10.3.1/../../../../arm-none-eabi/lib/thumb/v7e-m+fp/hard/libg_nano.a(lib_a-swprintf.o)
                              ./user/menu_functions.o (swprintf)
/home/alexandro/AT32IDE/platform/tools/gcc-arm-none-eabi-10.3-2021.10/bin/../lib/gcc/arm-none-eabi/10.3.1/../../../../arm-none-eabi/lib/thumb/v7e-m+fp/hard/libg_nano.a(lib_a-wcscpy.o)
                              ./user/menu_functions.o (wcscpy)
/home/alexandro/AT32IDE/platform/tools/gcc-arm-none-eabi-10.3-2021.10/bin/../lib/gcc/arm-none-eabi/10.3.1/../../../../arm-none-eabi/lib/thumb/v7e-m+fp/hard/libg_nano.a(lib_a-wcstol.o)
                              ./user/menu_functions.o (wcstol)
/home/alexandro/AT32IDE/platform/tools/gcc-arm-none-eabi-10.3-2021.10/bin/../lib/gcc/arm-none-eabi/10.3.1/../../../../arm-none-eabi/lib/thumb/v7e-m+fp/hard/libg_nano.a(lib_a-fflush.o)
                              /home/alexandro/AT32IDE/platform/tools/gcc-arm-none-eabi-10.3-2021.10/bin/../lib/gcc/arm-none-eabi/10.3.1/../../../../arm-none-eabi/lib/thumb/v7e-m+fp/hard/libg_nano.a(lib_a-setvbuf.o) (_fflush_r)
/home/alexandro/AT32IDE/platform/tools/gcc-arm-none-eabi-10.3-2021.10/bin/../lib/gcc/arm-none-eabi/10.3.1/../../../../arm-none-eabi/lib/thumb/v7e-m+fp/hard/libg_nano.a(lib_a-findfp.o)
                              /home/alexandro/AT32IDE/platform/tools/gcc-arm-none-eabi-10.3-2021.10/bin/../lib/gcc/arm-none-eabi/10.3.1/../../../../arm-none-eabi/lib/thumb/v7e-m+fp/hard/libg_nano.a(lib_a-setvbuf.o) (__sinit)
/home/alexandro/AT32IDE/platform/tools/gcc-arm-none-eabi-10.3-2021.10/bin/../lib/gcc/arm-none-eabi/10.3.1/../../../../arm-none-eabi/lib/thumb/v7e-m+fp/hard/libg_nano.a(lib_a-fwalk.o)
                              /home/alexandro/AT32IDE/platform/tools/gcc-arm-none-eabi-10.3-2021.10/bin/../lib/gcc/arm-none-eabi/10.3.1/../../../../arm-none-eabi/lib/thumb/v7e-m+fp/hard/libg_nano.a(lib_a-findfp.o) (_fwalk)
/home/alexandro/AT32IDE/platform/tools/gcc-arm-none-eabi-10.3-2021.10/bin/../lib/gcc/arm-none-eabi/10.3.1/../../../../arm-none-eabi/lib/thumb/v7e-m+fp/hard/libg_nano.a(lib_a-iswspace_l.o)
                              /home/alexandro/AT32IDE/platform/tools/gcc-arm-none-eabi-10.3-2021.10/bin/../lib/gcc/arm-none-eabi/10.3.1/../../../../arm-none-eabi/lib/thumb/v7e-m+fp/hard/libg_nano.a(lib_a-wcstol.o) (iswspace_l)
/home/alexandro/AT32IDE/platform/tools/gcc-arm-none-eabi-10.3-2021.10/bin/../lib/gcc/arm-none-eabi/10.3.1/../../../../arm-none-eabi/lib/thumb/v7e-m+fp/hard/libg_nano.a(lib_a-locale.o)
                              /home/alexandro/AT32IDE/platform/tools/gcc-arm-none-eabi-10.3-2021.10/bin/../lib/gcc/arm-none-eabi/10.3.1/../../../../arm-none-eabi/lib/thumb/v7e-m+fp/hard/libg_nano.a(lib_a-wcstol.o) (__global_locale)
[...]
Memory Configuration

Name             Origin             Length             Attributes
FLASH            0x0000000008000000 0x0000000000100000 xr
RAM              0x0000000020000000 0x0000000000018000 xrw
SPIM             0x0000000008400000 0x0000000001000000 xr
*default*        0x0000000000000000 0xffffffffffffffff

Linker script and memory map

LOAD /home/alexandro/AT32IDE/platform/tools/gcc-arm-none-eabi-10.3-2021.10/bin/../lib/gcc/arm-none-eabi/10.3.1/thumb/v7e-m+fp/hard/crti.o
LOAD /home/alexandro/AT32IDE/platform/tools/gcc-arm-none-eabi-10.3-2021.10/bin/../lib/gcc/arm-none-eabi/10.3.1/thumb/v7e-m+fp/hard/crtbegin.o
LOAD /home/alexandro/AT32IDE/platform/tools/gcc-arm-none-eabi-10.3-2021.10/bin/../lib/gcc/arm-none-eabi/10.3.1/../../../../arm-none-eabi/lib/thumb/v7e-m+fp/hard/crt0.o
LOAD ./user/hardware/spi/at32_video_ev_spi.o
LOAD ./user/hardware/lcd/at32_video_ev_font.o
LOAD ./user/hardware/lcd/at32_video_ev_lcd.o
LOAD ./user/at32f403a_407_clock.o
LOAD ./user/at32f403a_407_config.o
LOAD ./user/at32f403a_407_int.o
LOAD ./user/eeprom.o
LOAD ./user/encoder_navigation.o
LOAD ./user/images.o
LOAD ./user/main.o
LOAD ./user/menu_functions.o
LOAD ./user/ssd1306_menu.o
LOAD ./firmware/at32f403a_407_acc.o
LOAD ./firmware/at32f403a_407_adc.o
LOAD ./firmware/at32f403a_407_bpr.o
LOAD ./firmware/at32f403a_407_can.o
LOAD ./firmware/at32f403a_407_crc.o
LOAD ./firmware/at32f403a_407_crm.o
LOAD ./firmware/at32f403a_407_dac.o
LOAD ./firmware/at32f403a_407_debug.o
LOAD ./firmware/at32f403a_407_dma.o
LOAD ./firmware/at32f403a_407_emac.o
LOAD ./firmware/at32f403a_407_exint.o
LOAD ./firmware/at32f403a_407_flash.o
LOAD ./firmware/at32f403a_407_gpio.o
LOAD ./firmware/at32f403a_407_i2c.o
LOAD ./firmware/at32f403a_407_misc.o
LOAD ./firmware/at32f403a_407_pwc.o
LOAD ./firmware/at32f403a_407_rtc.o
LOAD ./firmware/at32f403a_407_sdio.o
LOAD ./firmware/at32f403a_407_spi.o
LOAD ./firmware/at32f403a_407_tmr.o
LOAD ./firmware/at32f403a_407_usart.o
LOAD ./firmware/at32f403a_407_usb.o
LOAD ./firmware/at32f403a_407_wdt.o
LOAD ./firmware/at32f403a_407_wwdt.o
LOAD ./firmware/at32f403a_407_xmc.o
LOAD ./cmsis/startup_at32f403a_407.o
LOAD ./cmsis/system_at32f403a_407.o
LOAD ./bsp/at32f403a_407_board.o
START GROUP
LOAD /home/alexandro/AT32IDE/platform/tools/gcc-arm-none-eabi-10.3-2021.10/bin/../lib/gcc/arm-none-eabi/10.3.1/thumb/v7e-m+fp/hard/libgcc.a
LOAD /home/alexandro/AT32IDE/platform/tools/gcc-arm-none-eabi-10.3-2021.10/bin/../lib/gcc/arm-none-eabi/10.3.1/../../../../arm-none-eabi/lib/thumb/v7e-m+fp/hard/libg_nano.a
LOAD /home/alexandro/AT32IDE/platform/tools/gcc-arm-none-eabi-10.3-2021.10/bin/../lib/gcc/arm-none-eabi/10.3.1/../../../../arm-none-eabi/lib/thumb/v7e-m+fp/hard/libc_nano.a
END GROUP
START GROUP
LOAD /home/alexandro/AT32IDE/platform/tools/gcc-arm-none-eabi-10.3-2021.10/bin/../lib/gcc/arm-none-eabi/10.3.1/thumb/v7e-m+fp/hard/libgcc.a
LOAD /home/alexandro/AT32IDE/platform/tools/gcc-arm-none-eabi-10.3-2021.10/bin/../lib/gcc/arm-none-eabi/10.3.1/../../../../arm-none-eabi/lib/thumb/v7e-m+fp/hard/libc_nano.a
LOAD /home/alexandro/AT32IDE/platform/tools/gcc-arm-none-eabi-10.3-2021.10/bin/../lib/gcc/arm-none-eabi/10.3.1/../../../../arm-none-eabi/lib/thumb/v7e-m+fp/hard/libnosys.a
END GROUP
START GROUP
LOAD /home/alexandro/AT32IDE/platform/tools/gcc-arm-none-eabi-10.3-2021.10/bin/../lib/gcc/arm-none-eabi/10.3.1/thumb/v7e-m+fp/hard/libgcc.a
LOAD /home/alexandro/AT32IDE/platform/tools/gcc-arm-none-eabi-10.3-2021.10/bin/../lib/gcc/arm-none-eabi/10.3.1/../../../../arm-none-eabi/lib/thumb/v7e-m+fp/hard/libc_nano.a
LOAD /home/alexandro/AT32IDE/platform/tools/gcc-arm-none-eabi-10.3-2021.10/bin/../lib/gcc/arm-none-eabi/10.3.1/../../../../arm-none-eabi/lib/thumb/v7e-m+fp/hard/libnosys.a
END GROUP
LOAD /home/alexandro/AT32IDE/platform/tools/gcc-arm-none-eabi-10.3-2021.10/bin/../lib/gcc/arm-none-eabi/10.3.1/thumb/v7e-m+fp/hard/crtend.o
LOAD /home/alexandro/AT32IDE/platform/tools/gcc-arm-none-eabi-10.3-2021.10/bin/../lib/gcc/arm-none-eabi/10.3.1/thumb/v7e-m+fp/hard/crtn.o
                0x0000000020018000                _estack = 0x20018000
                0x0000000000000200                _Min_Heap_Size = 0x200
                0x0000000000000400                _Min_Stack_Size = 0x400

.isr_vector     0x0000000008000000      0x184
                0x0000000008000000                . = ALIGN (0x4)
 *(.isr_vector)
 .isr_vector    0x0000000008000000      0x184 ./cmsis/startup_at32f403a_407.o
                0x0000000008000000                g_pfnVectors
                0x0000000008000184                . = ALIGN (0x4)

.text           0x0000000008000190     0x9d0c
                0x0000000008000190                . = ALIGN (0x4)
 *(.text)
 .text          0x0000000008000190       0x40 /home/alexandro/AT32IDE/platform/tools/gcc-arm-none-eabi-10.3-2021.10/bin/../lib/gcc/arm-none-eabi/10.3.1/thumb/v7e-m+fp/hard/crtbegin.o
 .text          0x00000000080001d0       0xa0 /home/alexandro/AT32IDE/platform/tools/gcc-arm-none-eabi-10.3-2021.10/bin/../lib/gcc/arm-none-eabi/10.3.1/../../../../arm-none-eabi/lib/thumb/v7e-m+fp/hard/libg_nano.a(lib_a-memchr.o)
                0x00000000080001d0                memchr
 .text          0x0000000008000270       0x10 /home/alexandro/AT32IDE/platform/tools/gcc-arm-none-eabi-10.3-2021.10/bin/../lib/gcc/arm-none-eabi/10.3.1/../../../../arm-none-eabi/lib/thumb/v7e-m+fp/hard/libg_nano.a(lib_a-strlen.o)
                0x0000000008000270                strlen
 .text          0x0000000008000280      0x378 /home/alexandro/AT32IDE/platform/tools/gcc-arm-none-eabi-10.3-2021.10/bin/../lib/gcc/arm-none-eabi/10.3.1/thumb/v7e-m+fp/hard/libgcc.a(_arm_addsubdf3.o)
                0x0000000008000280                __aeabi_drsub
                0x0000000008000288                __aeabi_dsub
                0x0000000008000288                __subdf3
                0x000000000800028c                __adddf3
                0x000000000800028c                __aeabi_dadd
                0x0000000008000504                __aeabi_ui2d
                0x0000000008000504                __floatunsidf
                0x0000000008000524                __floatsidf
                0x0000000008000524                __aeabi_i2d
                0x0000000008000548                __extendsfdf2
                0x0000000008000548                __aeabi_f2d
                0x000000000800058c                __aeabi_ul2d
                0x000000000800058c                __floatundidf
                0x000000000800059c                __floatdidf
                0x000000000800059c                __aeabi_l2d
 .text          0x00000000080005f8      0x424 /home/alexandro/AT32IDE/platform/tools/gcc-arm-none-eabi-10.3-2021.10/bin/../lib/gcc/arm-none-eabi/10.3.1/thumb/v7e-m+fp/hard/libgcc.a(_arm_muldivdf3.o)
                0x00000000080005f8                __aeabi_dmul
                0x00000000080005f8                __muldf3
                0x000000000800084c                __aeabi_ddiv
                0x000000000800084c                __divdf3
 .text          0x0000000008000a1c      0x110 /home/alexandro/AT32IDE/platform/tools/gcc-arm-none-eabi-10.3-2021.10/bin/../lib/gcc/arm-none-eabi/10.3.1/thumb/v7e-m+fp/hard/libgcc.a(_arm_cmpdf2.o)
                0x0000000008000a1c                __gtdf2
                0x0000000008000a1c                __gedf2
                0x0000000008000a24                __ltdf2
                0x0000000008000a24                __ledf2
                0x0000000008000a2c                __cmpdf2
                0x0000000008000a2c                __eqdf2
                0x0000000008000a2c                __nedf2
                0x0000000008000aa8                __aeabi_cdrcmple
                0x0000000008000ab8                __aeabi_cdcmple
                0x0000000008000ab8                __aeabi_cdcmpeq
                0x0000000008000ac8                __aeabi_dcmpeq
                0x0000000008000adc                __aeabi_dcmplt
                0x0000000008000af0                __aeabi_dcmple
                0x0000000008000b04                __aeabi_dcmpge
                0x0000000008000b18                __aeabi_dcmpgt
 .text          0x0000000008000b2c       0x2c /home/alexandro/AT32IDE/platform/tools/gcc-arm-none-eabi-10.3-2021.10/bin/../lib/gcc/arm-none-eabi/10.3.1/thumb/v7e-m+fp/hard/libgcc.a(_arm_unorddf2.o)
                0x0000000008000b2c                __aeabi_dcmpun
                0x0000000008000b2c                __unorddf2
 .text          0x0000000008000b58       0x50 /home/alexandro/AT32IDE/platform/tools/gcc-arm-none-eabi-10.3-2021.10/bin/../lib/gcc/arm-none-eabi/10.3.1/thumb/v7e-m+fp/hard/libgcc.a(_arm_fixdfsi.o)
                0x0000000008000b58                __fixdfsi
                0x0000000008000b58                __aeabi_d2iz
 *(.text*)
 .text.lcd_hw_init
                0x0000000008000ba8      0x1c8 ./user/hardware/spi/at32_video_ev_spi.o
                0x0000000008000ba8                lcd_hw_init
 .text.lcd_spi1_write
                0x0000000008000d70       0x70 ./user/hardware/spi/at32_video_ev_spi.o
                0x0000000008000d70                lcd_spi1_write
 .text.getFontDataIndex
                0x0000000008000de0       0xa2 ./user/hardware/lcd/at32_video_ev_font.o
                0x0000000008000de0                getFontDataIndex
 *fill*         0x0000000008000e82        0x2 
 .text.lcd_display_buffer
                0x0000000008000e84       0x54 ./user/hardware/lcd/at32_video_ev_lcd.o
                0x0000000008000e84                lcd_display_buffer
 .text.lcd_wr_reg
                0x0000000008000ed8       0x2c ./user/hardware/lcd/at32_video_ev_lcd.o
                0x0000000008000ed8                lcd_wr_reg
 .text.lcd_wr_data
                0x0000000008000f04       0x1a ./user/hardware/lcd/at32_video_ev_lcd.o
                0x0000000008000f04                lcd_wr_data
 .text.lcd_wr_data16
                0x0000000008000f1e       0x2a ./user/hardware/lcd/at32_video_ev_lcd.o
                0x0000000008000f1e                lcd_wr_data16
 .text.lcd_draw_point
                0x0000000008000f48       0x44 ./user/hardware/lcd/at32_video_ev_lcd.o
                0x0000000008000f48                lcd_draw_point
 .text.st7735s_DrawBitmap
                0x0000000008000f8c       0xfe ./user/hardware/lcd/at32_video_ev_lcd.o
                0x0000000008000f8c                st7735s_DrawBitmap
 *fill*         0x000000000800108a        0x2 
 .text.blend_colors2
                0x000000000800108c       0xd8 ./user/hardware/lcd/at32_video_ev_lcd.o
                0x000000000800108c                blend_colors2
 .text.draw_transparent_png
                0x0000000008001164       0xdc ./user/hardware/lcd/at32_video_ev_lcd.o
                0x0000000008001164                draw_transparent_png
 .text.lcd_draw_line
                0x0000000008001240      0x10a ./user/hardware/lcd/at32_video_ev_lcd.o
                0x0000000008001240                lcd_draw_line
 .text.lcd_draw_filled_rectangle
                0x000000000800134a       0x64 ./user/hardware/lcd/at32_video_ev_lcd.o
                0x000000000800134a                lcd_draw_filled_rectangle
 .text.lcd_draw_circle_helper
                0x00000000080013ae      0x17c ./user/hardware/lcd/at32_video_ev_lcd.o
                0x00000000080013ae                lcd_draw_circle_helper
 .text.lcd_draw_filled_circle_helper
                0x000000000800152a      0x1a0 ./user/hardware/lcd/at32_video_ev_lcd.o
                0x000000000800152a                lcd_draw_filled_circle_helper
 .text.lcd_draw_round_rect
                0x00000000080016ca      0x18a ./user/hardware/lcd/at32_video_ev_lcd.o
                0x00000000080016ca                lcd_draw_round_rect
 .text.lcd_draw_filled_round_rect
                0x0000000008001854      0x1a0 ./user/hardware/lcd/at32_video_ev_lcd.o
                0x0000000008001854                lcd_draw_filled_round_rect
 .text.lcd_fill_circle
                0x00000000080019f4      0x194 ./user/hardware/lcd/at32_video_ev_lcd.o
                0x00000000080019f4                lcd_fill_circle
 .text.lcd_show_string
                0x0000000008001b88       0xf8 ./user/hardware/lcd/at32_video_ev_lcd.o
                0x0000000008001b88                lcd_show_string
 .text.lcd_show_char
                0x0000000008001c80      0x17c ./user/hardware/lcd/at32_video_ev_lcd.o
                0x0000000008001c80                lcd_show_char
 .text.blend_colors
                0x0000000008001dfc       0xaa ./user/hardware/lcd/at32_video_ev_lcd.o
                0x0000000008001dfc                blend_colors
 *fill*         0x0000000008001ea6        0x2 
 .text.lcd_set_window
                0x0000000008001ea8       0x98 ./user/hardware/lcd/at32_video_ev_lcd.o
                0x0000000008001ea8                lcd_set_window
 .text.lcd_scan_dir
                0x0000000008001f40       0xe8 ./user/hardware/lcd/at32_video_ev_lcd.o
                0x0000000008001f40                lcd_scan_dir
 .text.st7735s_initial
                0x0000000008002028      0x1dc ./user/hardware/lcd/at32_video_ev_lcd.o
                0x0000000008002028                st7735s_initial
 .text.lcd_init
                0x0000000008002204       0x4c ./user/hardware/lcd/at32_video_ev_lcd.o
                0x0000000008002204                lcd_init
 .text.lcd_clear
                0x0000000008002250       0x3c ./user/hardware/lcd/at32_video_ev_lcd.o
                0x0000000008002250                lcd_clear
 .text.system_clock_config
                0x000000000800228c       0x7a ./user/at32f403a_407_clock.o
                0x000000000800228c                system_clock_config
 *fill*         0x0000000008002306        0x2 
 .text.wk_tmr2_init
                0x0000000008002308       0xf0 ./user/at32f403a_407_config.o
                0x0000000008002308                wk_tmr2_init
 .text.wk_exint_config
                0x00000000080023f8       0x64 ./user/at32f403a_407_config.o
                0x00000000080023f8                wk_exint_config
 .text.__NVIC_SetPriority
                0x000000000800245c       0x54 ./user/at32f403a_407_int.o
 .text.SysTick_Config
                0x00000000080024b0       0x44 ./user/at32f403a_407_int.o
 .text.init_millis
                0x00000000080024f4       0x2c ./user/at32f403a_407_int.o
                0x00000000080024f4                init_millis
 .text.get_millis
                0x0000000008002520       0x18 ./user/at32f403a_407_int.o
                0x0000000008002520                get_millis
 .text.NMI_Handler
                0x0000000008002538        0xe ./user/at32f403a_407_int.o
                0x0000000008002538                NMI_Handler
 .text.HardFault_Handler
                0x0000000008002546        0x6 ./user/at32f403a_407_int.o
                0x0000000008002546                HardFault_Handler
 .text.MemManage_Handler
                0x000000000800254c        0x6 ./user/at32f403a_407_int.o
                0x000000000800254c                MemManage_Handler
 .text.BusFault_Handler
                0x0000000008002552        0x6 ./user/at32f403a_407_int.o
                0x0000000008002552                BusFault_Handler
 .text.UsageFault_Handler
                0x0000000008002558        0x6 ./user/at32f403a_407_int.o
                0x0000000008002558                UsageFault_Handler
 .text.SVC_Handler
                0x000000000800255e        0xe ./user/at32f403a_407_int.o
                0x000000000800255e                SVC_Handler
 .text.DebugMon_Handler
                0x000000000800256c        0xe ./user/at32f403a_407_int.o
                0x000000000800256c                DebugMon_Handler
 .text.PendSV_Handler
                0x000000000800257a        0xe ./user/at32f403a_407_int.o
                0x000000000800257a                PendSV_Handler
 .text.SysTick_Handler
                0x0000000008002588       0x1c ./user/at32f403a_407_int.o
                0x0000000008002588                SysTick_Handler
 .text.delay_unblocked
                0x00000000080025a4       0xc4 ./user/at32f403a_407_int.o
                0x00000000080025a4                delay_unblocked
 .text.TMR3_GLOBAL_IRQHandler
                0x0000000008002668       0x2c ./user/at32f403a_407_int.o
                0x0000000008002668                TMR3_GLOBAL_IRQHandler
 .text.flash_ee_page_erase
                0x0000000008002694       0x42 ./user/eeprom.o
                0x0000000008002694                flash_ee_page_erase
 *fill*         0x00000000080026d6        0x2 
 .text.flash_ee_valid_page_get
                0x00000000080026d8       0x8c ./user/eeprom.o
                0x00000000080026d8                flash_ee_valid_page_get
 .text.flash_ee_write_no_check
                0x0000000008002764       0xb8 ./user/eeprom.o
                0x0000000008002764                flash_ee_write_no_check
 .text.flash_ee_copy_to_new_page
                0x000000000800281c       0xf8 ./user/eeprom.o
                0x000000000800281c                flash_ee_copy_to_new_page
 .text.flash_ee_format
                0x0000000008002914       0x74 ./user/eeprom.o
                0x0000000008002914                flash_ee_format
 .text.flash_ee_format_check
                0x0000000008002988       0x66 ./user/eeprom.o
                0x0000000008002988                flash_ee_format_check
 *fill*         0x00000000080029ee        0x2 
 .text.flash_ee_full_check
                0x00000000080029f0       0x64 ./user/eeprom.o
                0x00000000080029f0                flash_ee_full_check
 .text.flash_ee_erase_transfer
                0x0000000008002a54       0x58 ./user/eeprom.o
                0x0000000008002a54                flash_ee_erase_transfer
 .text.flash_ee_valid_transfer
                0x0000000008002aac       0x64 ./user/eeprom.o
                0x0000000008002aac                flash_ee_valid_transfer
 .text.flash_ee_init
                0x0000000008002b10      0x168 ./user/eeprom.o
                0x0000000008002b10                flash_ee_init
 .text.flash_ee_data_write
                0x0000000008002c78       0x70 ./user/eeprom.o
                0x0000000008002c78                flash_ee_data_write
 .text.flash_ee_data_read
                0x0000000008002ce8       0x8c ./user/eeprom.o
                0x0000000008002ce8                flash_ee_data_read
 .text.encoder_handler
                0x0000000008002d74       0xe4 ./user/encoder_navigation.o
                0x0000000008002d74                encoder_handler
 .text.TMR2_GLOBAL_IRQHandler
                0x0000000008002e58       0xd8 ./user/encoder_navigation.o
                0x0000000008002e58                TMR2_GLOBAL_IRQHandler
 .text.button_handlers
                0x0000000008002f30       0xac ./user/encoder_navigation.o
                0x0000000008002f30                button_handlers
 .text.EXINT2_IRQHandler
                0x0000000008002fdc       0x70 ./user/encoder_navigation.o
                0x0000000008002fdc                EXINT2_IRQHandler
 .text.extend_sram
                0x000000000800304c       0x30 ./user/main.o
                0x000000000800304c                extend_sram
 .text.main     0x000000000800307c       0x88 ./user/main.o
                0x000000000800307c                main
 .text.handleButton
                0x0000000008003104       0xe0 ./user/main.o
                0x0000000008003104                handleButton
 .text.crm_configuration
                0x00000000080031e4       0xac ./user/main.o
                0x00000000080031e4                crm_configuration
 .text.nvic_configuration
                0x0000000008003290       0x4e ./user/main.o
                0x0000000008003290                nvic_configuration
 *fill*         0x00000000080032de        0x2 
 .text.wk_system_clock_config
                0x00000000080032e0       0x90 ./user/main.o
                0x00000000080032e0                wk_system_clock_config
 .text.apply_changes
                0x0000000008003370       0x5c ./user/menu_functions.o
                0x0000000008003370                apply_changes
 .text.display_up_time
                0x00000000080033cc       0x88 ./user/menu_functions.o
                0x00000000080033cc                display_up_time
 .text.Screen_off
                0x0000000008003454       0x4c ./user/menu_functions.o
                0x0000000008003454                Screen_off
 .text.Geoscan_logotype
                0x00000000080034a0      0x314 ./user/menu_functions.o
                0x00000000080034a0                Geoscan_logotype
 .text.display_input_interface
                0x00000000080037b4      0x24c ./user/menu_functions.o
                0x00000000080037b4                display_input_interface
 .text.input_number_handler
                0x0000000008003a00      0x244 ./user/menu_functions.o
                0x0000000008003a00                input_number_handler
 .text.color_inversion
                0x0000000008003c44       0x68 ./user/menu_functions.o
                0x0000000008003c44                color_inversion
 .text.Information
                0x0000000008003cac      0x520 ./user/menu_functions.o
                0x0000000008003cac                Information
 .text.Brightness_selected
                0x00000000080041cc      0x174 ./user/menu_functions.o
                0x00000000080041cc                Brightness_selected
 .text.Back_func
                0x0000000008004340       0x38 ./user/ssd1306_menu.o
                0x0000000008004340                Back_func
 .text.display_status_bar
                0x0000000008004378       0xf8 ./user/ssd1306_menu.o
                0x0000000008004378                display_status_bar
 .text.display_menu_item
                0x0000000008004470      0x2ac ./user/ssd1306_menu.o
                0x0000000008004470                display_menu_item
 .text.display_scroll_bar
                0x000000000800471c       0xea ./user/ssd1306_menu.o
                0x000000000800471c                display_scroll_bar
 *fill*         0x0000000008004806        0x2 
 .text.display_menu
                0x0000000008004808       0xd0 ./user/ssd1306_menu.o
                0x0000000008004808                display_menu
 .text.calculate_items_to_display
                0x00000000080048d8       0x80 ./user/ssd1306_menu.o
                0x00000000080048d8                calculate_items_to_display
 .text.menu_init
                0x0000000008004958      0x18c ./user/ssd1306_menu.o
                0x0000000008004958                menu_init
 .text.crm_reset
                0x0000000008004ae4       0x6c ./firmware/at32f403a_407_crm.o
                0x0000000008004ae4                crm_reset
 .text.crm_flag_get
                0x0000000008004b50       0x50 ./firmware/at32f403a_407_crm.o
                0x0000000008004b50                crm_flag_get
 .text.crm_hext_stable_wait
                0x0000000008004ba0       0x4a ./firmware/at32f403a_407_crm.o
                0x0000000008004ba0                crm_hext_stable_wait
 .text.crm_periph_clock_enable
                0x0000000008004bea       0x7c ./firmware/at32f403a_407_crm.o
                0x0000000008004bea                crm_periph_clock_enable
 *fill*         0x0000000008004c66        0x2 
 .text.crm_clock_source_enable
                0x0000000008004c68       0xa8 ./firmware/at32f403a_407_crm.o
                0x0000000008004c68                crm_clock_source_enable
 .text.crm_ahb_div_set
                0x0000000008004d10       0x2c ./firmware/at32f403a_407_crm.o
                0x0000000008004d10                crm_ahb_div_set
 .text.crm_apb1_div_set
                0x0000000008004d3c       0x2c ./firmware/at32f403a_407_crm.o
                0x0000000008004d3c                crm_apb1_div_set
 .text.crm_apb2_div_set
                0x0000000008004d68       0x2c ./firmware/at32f403a_407_crm.o
                0x0000000008004d68                crm_apb2_div_set
 .text.crm_pll_config
                0x0000000008004d94       0x9c ./firmware/at32f403a_407_crm.o
                0x0000000008004d94                crm_pll_config
 .text.crm_sysclk_switch
                0x0000000008004e30       0x54 ./firmware/at32f403a_407_crm.o
                0x0000000008004e30                crm_sysclk_switch
 .text.crm_sysclk_switch_status_get
                0x0000000008004e84       0x1c ./firmware/at32f403a_407_crm.o
                0x0000000008004e84                crm_sysclk_switch_status_get
 .text.crm_auto_step_mode_enable
                0x0000000008004ea0       0x38 ./firmware/at32f403a_407_crm.o
                0x0000000008004ea0                crm_auto_step_mode_enable
 .text.crm_hext_clock_div_set
                0x0000000008004ed8       0x2c ./firmware/at32f403a_407_crm.o
                0x0000000008004ed8                crm_hext_clock_div_set
 .text.dma_reset
                0x0000000008004f04       0xac ./firmware/at32f403a_407_dma.o
                0x0000000008004f04                dma_reset
 .text.dma_init
                0x0000000008004fb0       0xc4 ./firmware/at32f403a_407_dma.o
                0x0000000008004fb0                dma_init
 .text.exint_default_para_init
                0x0000000008005074       0x2c ./firmware/at32f403a_407_exint.o
                0x0000000008005074                exint_default_para_init
 .text.exint_init
                0x00000000080050a0       0xc8 ./firmware/at32f403a_407_exint.o
                0x00000000080050a0                exint_init
 .text.exint_flag_clear
                0x0000000008005168       0x3c ./firmware/at32f403a_407_exint.o
                0x0000000008005168                exint_flag_clear
 .text.flash_operation_status_get
                0x00000000080051a4       0x5c ./firmware/at32f403a_407_flash.o
                0x00000000080051a4                flash_operation_status_get
 .text.flash_bank1_operation_status_get
                0x0000000008005200       0x5c ./firmware/at32f403a_407_flash.o
                0x0000000008005200                flash_bank1_operation_status_get
 .text.flash_bank2_operation_status_get
                0x000000000800525c       0x5c ./firmware/at32f403a_407_flash.o
                0x000000000800525c                flash_bank2_operation_status_get
 .text.flash_spim_operation_status_get
                0x00000000080052b8       0x64 ./firmware/at32f403a_407_flash.o
                0x00000000080052b8                flash_spim_operation_status_get
 .text.flash_operation_wait_for
                0x000000000800531c       0x44 ./firmware/at32f403a_407_flash.o
                0x000000000800531c                flash_operation_wait_for
 .text.flash_bank1_operation_wait_for
                0x0000000008005360       0x44 ./firmware/at32f403a_407_flash.o
                0x0000000008005360                flash_bank1_operation_wait_for
 .text.flash_bank2_operation_wait_for
                0x00000000080053a4       0x44 ./firmware/at32f403a_407_flash.o
                0x00000000080053a4                flash_bank2_operation_wait_for
 .text.flash_spim_operation_wait_for
                0x00000000080053e8       0x44 ./firmware/at32f403a_407_flash.o
                0x00000000080053e8                flash_spim_operation_wait_for
 .text.flash_unlock
                0x000000000800542c       0x34 ./firmware/at32f403a_407_flash.o
                0x000000000800542c                flash_unlock
 .text.flash_lock
                0x0000000008005460       0x28 ./firmware/at32f403a_407_flash.o
                0x0000000008005460                flash_lock
 .text.flash_sector_erase
                0x0000000008005488       0xec ./firmware/at32f403a_407_flash.o
                0x0000000008005488                flash_sector_erase
 .text.flash_user_system_data_erase
                0x0000000008005574       0xb0 ./firmware/at32f403a_407_flash.o
                0x0000000008005574                flash_user_system_data_erase
 .text.flash_halfword_program
                0x0000000008005624       0xcc ./firmware/at32f403a_407_flash.o
                0x0000000008005624                flash_halfword_program
 .text.flash_user_system_data_program
                0x00000000080056f0       0x80 ./firmware/at32f403a_407_flash.o
                0x00000000080056f0                flash_user_system_data_program
 .text.flash_fap_status_get
                0x0000000008005770       0x1c ./firmware/at32f403a_407_flash.o
                0x0000000008005770                flash_fap_status_get
 .text.flash_spim_dummy_read
                0x000000000800578c       0x24 ./firmware/at32f403a_407_flash.o
                0x000000000800578c                flash_spim_dummy_read
 .text.gpio_init
                0x00000000080057b0      0x138 ./firmware/at32f403a_407_gpio.o
                0x00000000080057b0                gpio_init
 .text.gpio_default_para_init
                0x00000000080058e8       0x34 ./firmware/at32f403a_407_gpio.o
                0x00000000080058e8                gpio_default_para_init
 .text.gpio_input_data_bit_read
                0x000000000800591c       0x36 ./firmware/at32f403a_407_gpio.o
                0x000000000800591c                gpio_input_data_bit_read
 .text.gpio_pin_remap_config
                0x0000000008005952       0x98 ./firmware/at32f403a_407_gpio.o
                0x0000000008005952                gpio_pin_remap_config
 *fill*         0x00000000080059ea        0x2 
 .text.gpio_exint_line_config
                0x00000000080059ec       0xf8 ./firmware/at32f403a_407_gpio.o
                0x00000000080059ec                gpio_exint_line_config
 .text.__NVIC_SetPriorityGrouping
                0x0000000008005ae4       0x48 ./firmware/at32f403a_407_misc.o
 .text.__NVIC_GetPriorityGrouping
                0x0000000008005b2c       0x1c ./firmware/at32f403a_407_misc.o
 .text.__NVIC_EnableIRQ
                0x0000000008005b48       0x3c ./firmware/at32f403a_407_misc.o
 .text.__NVIC_SetPriority
                0x0000000008005b84       0x54 ./firmware/at32f403a_407_misc.o
 .text.NVIC_EncodePriority
                0x0000000008005bd8       0x66 ./firmware/at32f403a_407_misc.o
 *fill*         0x0000000008005c3e        0x2 
 .text.__NVIC_SystemReset
                0x0000000008005c40       0x2c ./firmware/at32f403a_407_misc.o
 .text.nvic_system_reset
                0x0000000008005c6c        0x8 ./firmware/at32f403a_407_misc.o
                0x0000000008005c6c                nvic_system_reset
 .text.nvic_irq_enable
                0x0000000008005c74       0x42 ./firmware/at32f403a_407_misc.o
                0x0000000008005c74                nvic_irq_enable
 .text.nvic_priority_group_config
                0x0000000008005cb6       0x1a ./firmware/at32f403a_407_misc.o
                0x0000000008005cb6                nvic_priority_group_config
 .text.systick_clock_source_config
                0x0000000008005cd0       0x3c ./firmware/at32f403a_407_misc.o
                0x0000000008005cd0                systick_clock_source_config
 .text.spi_default_para_init
                0x0000000008005d0c       0x44 ./firmware/at32f403a_407_spi.o
                0x0000000008005d0c                spi_default_para_init
 .text.spi_init
                0x0000000008005d50      0x1a2 ./firmware/at32f403a_407_spi.o
                0x0000000008005d50                spi_init
 .text.spi_enable
                0x0000000008005ef2       0x2a ./firmware/at32f403a_407_spi.o
                0x0000000008005ef2                spi_enable
 .text.spi_i2s_dma_transmitter_enable
                0x0000000008005f1c       0x2a ./firmware/at32f403a_407_spi.o
                0x0000000008005f1c                spi_i2s_dma_transmitter_enable
 .text.spi_i2s_data_transmit
                0x0000000008005f46       0x1e ./firmware/at32f403a_407_spi.o
                0x0000000008005f46                spi_i2s_data_transmit
 .text.spi_i2s_flag_get
                0x0000000008005f64       0x32 ./firmware/at32f403a_407_spi.o
                0x0000000008005f64                spi_i2s_flag_get
 .text.tmr_counter_enable
                0x0000000008005f96       0x2a ./firmware/at32f403a_407_tmr.o
                0x0000000008005f96                tmr_counter_enable
 .text.tmr_base_init
                0x0000000008005fc0       0x2e ./firmware/at32f403a_407_tmr.o
                0x0000000008005fc0                tmr_base_init
 .text.tmr_clock_source_div_set
                0x0000000008005fee       0x2a ./firmware/at32f403a_407_tmr.o
                0x0000000008005fee                tmr_clock_source_div_set
 .text.tmr_cnt_dir_set
                0x0000000008006018       0x2a ./firmware/at32f403a_407_tmr.o
                0x0000000008006018                tmr_cnt_dir_set
 .text.tmr_counter_value_set
                0x0000000008006042       0x1c ./firmware/at32f403a_407_tmr.o
                0x0000000008006042                tmr_counter_value_set
 .text.tmr_counter_value_get
                0x000000000800605e       0x18 ./firmware/at32f403a_407_tmr.o
                0x000000000800605e                tmr_counter_value_get
 .text.tmr_period_value_set
                0x0000000008006076       0x1c ./firmware/at32f403a_407_tmr.o
                0x0000000008006076                tmr_period_value_set
 .text.tmr_period_buffer_enable
                0x0000000008006092       0x2a ./firmware/at32f403a_407_tmr.o
                0x0000000008006092                tmr_period_buffer_enable
 .text.tmr_input_channel_init
                0x00000000080060bc      0x224 ./firmware/at32f403a_407_tmr.o
                0x00000000080060bc                tmr_input_channel_init
 .text.tmr_primary_mode_select
                0x00000000080062e0       0x2a ./firmware/at32f403a_407_tmr.o
                0x00000000080062e0                tmr_primary_mode_select
 .text.tmr_sub_sync_mode_set
                0x000000000800630a       0x2a ./firmware/at32f403a_407_tmr.o
                0x000000000800630a                tmr_sub_sync_mode_set
 .text.tmr_interrupt_enable
                0x0000000008006334       0x42 ./firmware/at32f403a_407_tmr.o
                0x0000000008006334                tmr_interrupt_enable
 .text.tmr_flag_get
                0x0000000008006376       0x32 ./firmware/at32f403a_407_tmr.o
                0x0000000008006376                tmr_flag_get
 .text.tmr_flag_clear
                0x00000000080063a8       0x1e ./firmware/at32f403a_407_tmr.o
                0x00000000080063a8                tmr_flag_clear
 .text.tmr_encoder_mode_config
                0x00000000080063c6       0xa0 ./firmware/at32f403a_407_tmr.o
                0x00000000080063c6                tmr_encoder_mode_config
 .text.usart_data_transmit
                0x0000000008006466       0x22 ./firmware/at32f403a_407_usart.o
                0x0000000008006466                usart_data_transmit
 .text.usart_flag_get
                0x0000000008006488       0x28 ./firmware/at32f403a_407_usart.o
                0x0000000008006488                usart_flag_get
 .text.Reset_Handler
                0x00000000080064b0       0x48 ./cmsis/startup_at32f403a_407.o
                0x00000000080064b0                Reset_Handler
 .text.Default_Handler
                0x00000000080064f8        0x2 ./cmsis/startup_at32f403a_407.o
                0x00000000080064f8                SDIO1_IRQHandler
                0x00000000080064f8                XMC_IRQHandler
                0x00000000080064f8                USBFS_L_CAN1_RX0_IRQHandler
                0x00000000080064f8                UART8_IRQHandler
                0x00000000080064f8                SPI4_IRQHandler
                0x00000000080064f8                I2C2_EVT_IRQHandler
                0x00000000080064f8                TMR1_OVF_TMR10_IRQHandler
                0x00000000080064f8                TMR8_TRG_HALL_TMR14_IRQHandler
                0x00000000080064f8                USBFS_H_CAN1_TX_IRQHandler
                0x00000000080064f8                I2C1_ERR_IRQHandler
                0x00000000080064f8                EXINT9_5_IRQHandler
                0x00000000080064f8                EMAC_IRQHandler
                0x00000000080064f8                CAN2_RX1_IRQHandler
                0x00000000080064f8                TMR5_GLOBAL_IRQHandler
                0x00000000080064f8                SDIO2_IRQHandler
                0x00000000080064f8                ADC1_2_IRQHandler
                0x00000000080064f8                SPI1_IRQHandler
                0x00000000080064f8                TAMPER_IRQHandler
                0x00000000080064f8                CAN2_RX0_IRQHandler
                0x00000000080064f8                DMA2_Channel2_IRQHandler
                0x00000000080064f8                DMA1_Channel4_IRQHandler
                0x00000000080064f8                TMR8_CH_IRQHandler
                0x00000000080064f8                USART6_IRQHandler
                0x00000000080064f8                EXINT0_IRQHandler
                0x00000000080064f8                USART3_IRQHandler
                0x00000000080064f8                RTC_IRQHandler
                0x00000000080064f8                DMA1_Channel7_IRQHandler
                0x00000000080064f8                CAN1_RX1_IRQHandler
                0x00000000080064f8                UART5_IRQHandler
                0x00000000080064f8                ADC3_IRQHandler
                0x00000000080064f8                ACC_IRQHandler
                0x00000000080064f8                EMAC_WKUP_IRQHandler
                0x00000000080064f8                DMA2_Channel1_IRQHandler
                0x00000000080064f8                EXINT3_IRQHandler
                0x00000000080064f8                DMA1_Channel6_IRQHandler
                0x00000000080064f8                UART4_IRQHandler
                0x00000000080064f8                DMA1_Channel1_IRQHandler
                0x00000000080064f8                Default_Handler
                0x00000000080064f8                USBFS_MAPH_IRQHandler
                0x00000000080064f8                TMR7_GLOBAL_IRQHandler
                0x00000000080064f8                CAN1_SE_IRQHandler
                0x00000000080064f8                CAN2_TX_IRQHandler
                0x00000000080064f8                I2C3_ERR_IRQHandler
                0x00000000080064f8                SPI3_I2S3EXT_IRQHandler
                0x00000000080064f8                TMR1_BRK_TMR9_IRQHandler
                0x00000000080064f8                USBFS_MAPL_IRQHandler
                0x00000000080064f8                TMR8_BRK_TMR12_IRQHandler
                0x00000000080064f8                TMR1_TRG_HALL_TMR11_IRQHandler
                0x00000000080064f8                DMA1_Channel5_IRQHandler
                0x00000000080064f8                TMR4_GLOBAL_IRQHandler
                0x00000000080064f8                EXINT4_IRQHandler
                0x00000000080064f8                CAN2_SE_IRQHandler
                0x00000000080064f8                DMA2_Channel6_7_IRQHandler
                0x00000000080064f8                PVM_IRQHandler
                0x00000000080064f8                I2C3_EVT_IRQHandler
                0x00000000080064f8                DMA1_Channel3_IRQHandler
                0x00000000080064f8                I2C1_EVT_IRQHandler
                0x00000000080064f8                TMR8_OVF_TMR13_IRQHandler
                0x00000000080064f8                TMR6_GLOBAL_IRQHandler
                0x00000000080064f8                EXINT1_IRQHandler
                0x00000000080064f8                RTCAlarm_IRQHandler
                0x00000000080064f8                DMA2_Channel4_5_IRQHandler
                0x00000000080064f8                UART7_IRQHandler
                0x00000000080064f8                USART2_IRQHandler
                0x00000000080064f8                DMA1_Channel2_IRQHandler
                0x00000000080064f8                FLASH_IRQHandler
                0x00000000080064f8                SPI2_I2S2EXT_IRQHandler
                0x00000000080064f8                I2C2_ERR_IRQHandler
                0x00000000080064f8                USBFSWakeUp_IRQHandler
                0x00000000080064f8                USART1_IRQHandler
                0x00000000080064f8                TMR1_CH_IRQHandler
                0x00000000080064f8                CRM_IRQHandler
                0x00000000080064f8                EXINT15_10_IRQHandler
                0x00000000080064f8                WWDT_IRQHandler
                0x00000000080064f8                DMA2_Channel3_IRQHandler
 *fill*         0x00000000080064fa        0x2 
 .text.SystemInit
                0x00000000080064fc       0x88 ./cmsis/system_at32f403a_407.o
                0x00000000080064fc                SystemInit
 .text.system_core_clock_update
                0x0000000008006584      0x150 ./cmsis/system_at32f403a_407.o
                0x0000000008006584                system_core_clock_update
 .text._write   0x00000000080066d4       0x60 ./bsp/at32f403a_407_board.o
                0x00000000080066d4                _write
 .text.at32_board_init
                0x0000000008006734       0x34 ./bsp/at32f403a_407_board.o
                0x0000000008006734                at32_board_init
 .text.at32_button_init
                0x0000000008006768       0x44 ./bsp/at32f403a_407_board.o
                0x0000000008006768                at32_button_init
 .text.at32_led_init
                0x00000000080067ac       0x68 ./bsp/at32f403a_407_board.o
                0x00000000080067ac                at32_led_init
 .text.at32_led_off
                0x0000000008006814       0x48 ./bsp/at32f403a_407_board.o
                0x0000000008006814                at32_led_off
 .text.at32_led_toggle
                0x000000000800685c       0x54 ./bsp/at32f403a_407_board.o
                0x000000000800685c                at32_led_toggle
 .text.delay_init
                0x00000000080068b0       0x40 ./bsp/at32f403a_407_board.o
                0x00000000080068b0                delay_init
 .text.delay_ms
                0x00000000080068f0       0x98 ./bsp/at32f403a_407_board.o
                0x00000000080068f0                delay_ms
 .text.__libc_init_array
                0x0000000008006988       0x48 /home/alexandro/AT32IDE/platform/tools/gcc-arm-none-eabi-10.3-2021.10/bin/../lib/gcc/arm-none-eabi/10.3.1/../../../../arm-none-eabi/lib/thumb/v7e-m+fp/hard/libg_nano.a(lib_a-init.o)
                0x0000000008006988                __libc_init_array
 .text.memcpy   0x00000000080069d0       0x1c /home/alexandro/AT32IDE/platform/tools/gcc-arm-none-eabi-10.3-2021.10/bin/../lib/gcc/arm-none-eabi/10.3.1/../../../../arm-none-eabi/lib/thumb/v7e-m+fp/hard/libg_nano.a(lib_a-memcpy-stub.o)
                0x00000000080069d0                memcpy
 .text.memset   0x00000000080069ec       0x10 /home/alexandro/AT32IDE/platform/tools/gcc-arm-none-eabi-10.3-2021.10/bin/../lib/gcc/arm-none-eabi/10.3.1/../../../../arm-none-eabi/lib/thumb/v7e-m+fp/hard/libg_nano.a(lib_a-memset.o)
                0x00000000080069ec                memset
 .text.swprintf
                0x00000000080069fc       0x68 /home/alexandro/AT32IDE/platform/tools/gcc-arm-none-eabi-10.3-2021.10/bin/../lib/gcc/arm-none-eabi/10.3.1/../../../../arm-none-eabi/lib/thumb/v7e-m+fp/hard/libg_nano.a(lib_a-swprintf.o)
                0x00000000080069fc                swprintf
 .text.wcscpy   0x0000000008006a64       0x18 /home/alexandro/AT32IDE/platform/tools/gcc-arm-none-eabi-10.3-2021.10/bin/../lib/gcc/arm-none-eabi/10.3.1/../../../../arm-none-eabi/lib/thumb/v7e-m+fp/hard/libg_nano.a(lib_a-wcscpy.o)
                0x0000000008006a64                wcscpy
 .text._wcstol_l
                0x0000000008006a7c       0xee /home/alexandro/AT32IDE/platform/tools/gcc-arm-none-eabi-10.3-2021.10/bin/../lib/gcc/arm-none-eabi/10.3.1/../../../../arm-none-eabi/lib/thumb/v7e-m+fp/hard/libg_nano.a(lib_a-wcstol.o)
 *fill*         0x0000000008006b6a        0x2 
 .text.wcstol   0x0000000008006b6c       0x24 /home/alexandro/AT32IDE/platform/tools/gcc-arm-none-eabi-10.3-2021.10/bin/../lib/gcc/arm-none-eabi/10.3.1/../../../../arm-none-eabi/lib/thumb/v7e-m+fp/hard/libg_nano.a(lib_a-wcstol.o)
                0x0000000008006b6c                wcstol
 .text.__sflush_r
                0x0000000008006b90      0x10c /home/alexandro/AT32IDE/platform/tools/gcc-arm-none-eabi-10.3-2021.10/bin/../lib/gcc/arm-none-eabi/10.3.1/../../../../arm-none-eabi/lib/thumb/v7e-m+fp/hard/libg_nano.a(lib_a-fflush.o)
                0x0000000008006b90                __sflush_r
 .text._fflush_r
                0x0000000008006c9c       0x78 /home/alexandro/AT32IDE/platform/tools/gcc-arm-none-eabi-10.3-2021.10/bin/../lib/gcc/arm-none-eabi/10.3.1/../../../../arm-none-eabi/lib/thumb/v7e-m+fp/hard/libg_nano.a(lib_a-fflush.o)
                0x0000000008006c9c                _fflush_r
 .text.std      0x0000000008006d14       0x48 /home/alexandro/AT32IDE/platform/tools/gcc-arm-none-eabi-10.3-2021.10/bin/../lib/gcc/arm-none-eabi/10.3.1/../../../../arm-none-eabi/lib/thumb/v7e-m+fp/hard/libg_nano.a(lib_a-findfp.o)
 .text._cleanup_r
                0x0000000008006d5c        0xc /home/alexandro/AT32IDE/platform/tools/gcc-arm-none-eabi-10.3-2021.10/bin/../lib/gcc/arm-none-eabi/10.3.1/../../../../arm-none-eabi/lib/thumb/v7e-m+fp/hard/libg_nano.a(lib_a-findfp.o)
                0x0000000008006d5c                _cleanup_r
 .text.__sfmoreglue
                0x0000000008006d68       0x2c /home/alexandro/AT32IDE/platform/tools/gcc-arm-none-eabi-10.3-2021.10/bin/../lib/gcc/arm-none-eabi/10.3.1/../../../../arm-none-eabi/lib/thumb/v7e-m+fp/hard/libg_nano.a(lib_a-findfp.o)
                0x0000000008006d68                __sfmoreglue
 .text.__sfp_lock_acquire
                0x0000000008006d94        0xc /home/alexandro/AT32IDE/platform/tools/gcc-arm-none-eabi-10.3-2021.10/bin/../lib/gcc/arm-none-eabi/10.3.1/../../../../arm-none-eabi/lib/thumb/v7e-m+fp/hard/libg_nano.a(lib_a-findfp.o)
                0x0000000008006d94                __sfp_lock_acquire
 .text.__sfp_lock_release
                0x0000000008006da0        0xc /home/alexandro/AT32IDE/platform/tools/gcc-arm-none-eabi-10.3-2021.10/bin/../lib/gcc/arm-none-eabi/10.3.1/../../../../arm-none-eabi/lib/thumb/v7e-m+fp/hard/libg_nano.a(lib_a-findfp.o)
                0x0000000008006da0                __sfp_lock_release
 .text.__sinit_lock_acquire
                0x0000000008006dac        0xc /home/alexandro/AT32IDE/platform/tools/gcc-arm-none-eabi-10.3-2021.10/bin/../lib/gcc/arm-none-eabi/10.3.1/../../../../arm-none-eabi/lib/thumb/v7e-m+fp/hard/libg_nano.a(lib_a-findfp.o)
                0x0000000008006dac                __sinit_lock_acquire
 .text.__sinit_lock_release
                0x0000000008006db8        0xc /home/alexandro/AT32IDE/platform/tools/gcc-arm-none-eabi-10.3-2021.10/bin/../lib/gcc/arm-none-eabi/10.3.1/../../../../arm-none-eabi/lib/thumb/v7e-m+fp/hard/libg_nano.a(lib_a-findfp.o)
                0x0000000008006db8                __sinit_lock_release
 .text.__sinit  0x0000000008006dc4       0x70 /home/alexandro/AT32IDE/platform/tools/gcc-arm-none-eabi-10.3-2021.10/bin/../lib/gcc/arm-none-eabi/10.3.1/../../../../arm-none-eabi/lib/thumb/v7e-m+fp/hard/libg_nano.a(lib_a-findfp.o)
                0x0000000008006dc4                __sinit
 .text.__sfp    0x0000000008006e34       0x8c /home/alexandro/AT32IDE/platform/tools/gcc-arm-none-eabi-10.3-2021.10/bin/../lib/gcc/arm-none-eabi/10.3.1/../../../../arm-none-eabi/lib/thumb/v7e-m+fp/hard/libg_nano.a(lib_a-findfp.o)
                0x0000000008006e34                __sfp
 .text._fwalk_reent
                0x0000000008006ec0       0x3e /home/alexandro/AT32IDE/platform/tools/gcc-arm-none-eabi-10.3-2021.10/bin/../lib/gcc/arm-none-eabi/10.3.1/../../../../arm-none-eabi/lib/thumb/v7e-m+fp/hard/libg_nano.a(lib_a-fwalk.o)
                0x0000000008006ec0                _fwalk_reent
 *fill*         0x0000000008006efe        0x2 
 .text.iswspace_l
                0x0000000008006f00       0x14 /home/alexandro/AT32IDE/platform/tools/gcc-arm-none-eabi-10.3-2021.10/bin/../lib/gcc/arm-none-eabi/10.3.1/../../../../arm-none-eabi/lib/thumb/v7e-m+fp/hard/libg_nano.a(lib_a-iswspace_l.o)
                0x0000000008006f00                iswspace_l
 .text.__retarget_lock_init_recursive
                0x0000000008006f14        0x2 /home/alexandro/AT32IDE/platform/tools/gcc-arm-none-eabi-10.3-2021.10/bin/../lib/gcc/arm-none-eabi/10.3.1/../../../../arm-none-eabi/lib/thumb/v7e-m+fp/hard/libg_nano.a(lib_a-lock.o)
                0x0000000008006f14                __retarget_lock_init_recursive
 .text.__retarget_lock_acquire_recursive
                0x0000000008006f16        0x2 /home/alexandro/AT32IDE/platform/tools/gcc-arm-none-eabi-10.3-2021.10/bin/../lib/gcc/arm-none-eabi/10.3.1/../../../../arm-none-eabi/lib/thumb/v7e-m+fp/hard/libg_nano.a(lib_a-lock.o)
                0x0000000008006f16                __retarget_lock_acquire_recursive
 .text.__retarget_lock_release_recursive
                0x0000000008006f18        0x2 /home/alexandro/AT32IDE/platform/tools/gcc-arm-none-eabi-10.3-2021.10/bin/../lib/gcc/arm-none-eabi/10.3.1/../../../../arm-none-eabi/lib/thumb/v7e-m+fp/hard/libg_nano.a(lib_a-lock.o)
                0x0000000008006f18                __retarget_lock_release_recursive
 .text.__swhatbuf_r
                0x0000000008006f1a       0x4a /home/alexandro/AT32IDE/platform/tools/gcc-arm-none-eabi-10.3-2021.10/bin/../lib/gcc/arm-none-eabi/10.3.1/../../../../arm-none-eabi/lib/thumb/v7e-m+fp/hard/libg_nano.a(lib_a-makebuf.o)
                0x0000000008006f1a                __swhatbuf_r
 .text.__smakebuf_r
                0x0000000008006f64       0x80 /home/alexandro/AT32IDE/platform/tools/gcc-arm-none-eabi-10.3-2021.10/bin/../lib/gcc/arm-none-eabi/10.3.1/../../../../arm-none-eabi/lib/thumb/v7e-m+fp/hard/libg_nano.a(lib_a-makebuf.o)
                0x0000000008006f64                __smakebuf_r
 .text.malloc   0x0000000008006fe4       0x10 /home/alexandro/AT32IDE/platform/tools/gcc-arm-none-eabi-10.3-2021.10/bin/../lib/gcc/arm-none-eabi/10.3.1/../../../../arm-none-eabi/lib/thumb/v7e-m+fp/hard/libg_nano.a(lib_a-malloc.o)
                0x0000000008006fe4                malloc
 .text.__ascii_mbtowc
                0x0000000008006ff4       0x24 /home/alexandro/AT32IDE/platform/tools/gcc-arm-none-eabi-10.3-2021.10/bin/../lib/gcc/arm-none-eabi/10.3.1/../../../../arm-none-eabi/lib/thumb/v7e-m+fp/hard/libg_nano.a(lib_a-mbtowc_r.o)
                0x0000000008006ff4                __ascii_mbtowc
 .text._free_r  0x0000000008007018       0x98 /home/alexandro/AT32IDE/platform/tools/gcc-arm-none-eabi-10.3-2021.10/bin/../lib/gcc/arm-none-eabi/10.3.1/../../../../arm-none-eabi/lib/thumb/v7e-m+fp/hard/libg_nano.a(lib_a-nano-freer.o)
                0x0000000008007018                _free_r
 .text.sbrk_aligned
                0x00000000080070b0       0x40 /home/alexandro/AT32IDE/platform/tools/gcc-arm-none-eabi-10.3-2021.10/bin/../lib/gcc/arm-none-eabi/10.3.1/../../../../arm-none-eabi/lib/thumb/v7e-m+fp/hard/libg_nano.a(lib_a-nano-mallocr.o)
 .text._malloc_r
                0x00000000080070f0       0xe8 /home/alexandro/AT32IDE/platform/tools/gcc-arm-none-eabi-10.3-2021.10/bin/../lib/gcc/arm-none-eabi/10.3.1/../../../../arm-none-eabi/lib/thumb/v7e-m+fp/hard/libg_nano.a(lib_a-nano-mallocr.o)
                0x00000000080070f0                _malloc_r
 .text._sbrk_r  0x00000000080071d8       0x20 /home/alexandro/AT32IDE/platform/tools/gcc-arm-none-eabi-10.3-2021.10/bin/../lib/gcc/arm-none-eabi/10.3.1/../../../../arm-none-eabi/lib/thumb/v7e-m+fp/hard/libg_nano.a(lib_a-sbrkr.o)
                0x00000000080071d8                _sbrk_r
 .text.__sread  0x00000000080071f8       0x22 /home/alexandro/AT32IDE/platform/tools/gcc-arm-none-eabi-10.3-2021.10/bin/../lib/gcc/arm-none-eabi/10.3.1/../../../../arm-none-eabi/lib/thumb/v7e-m+fp/hard/libg_nano.a(lib_a-stdio.o)
                0x00000000080071f8                __sread
 .text.__swrite
                0x000000000800721a       0x38 /home/alexandro/AT32IDE/platform/tools/gcc-arm-none-eabi-10.3-2021.10/bin/../lib/gcc/arm-none-eabi/10.3.1/../../../../arm-none-eabi/lib/thumb/v7e-m+fp/hard/libg_nano.a(lib_a-stdio.o)
                0x000000000800721a                __swrite
 .text.__sseek  0x0000000008007252       0x24 /home/alexandro/AT32IDE/platform/tools/gcc-arm-none-eabi-10.3-2021.10/bin/../lib/gcc/arm-none-eabi/10.3.1/../../../../arm-none-eabi/lib/thumb/v7e-m+fp/hard/libg_nano.a(lib_a-stdio.o)
                0x0000000008007252                __sseek
 .text.__sclose
                0x0000000008007276        0x8 /home/alexandro/AT32IDE/platform/tools/gcc-arm-none-eabi-10.3-2021.10/bin/../lib/gcc/arm-none-eabi/10.3.1/../../../../arm-none-eabi/lib/thumb/v7e-m+fp/hard/libg_nano.a(lib_a-stdio.o)
                0x0000000008007276                __sclose
 .text.wcvt     0x000000000800727e       0xe0 /home/alexandro/AT32IDE/platform/tools/gcc-arm-none-eabi-10.3-2021.10/bin/../lib/gcc/arm-none-eabi/10.3.1/../../../../arm-none-eabi/lib/thumb/v7e-m+fp/hard/libg_nano.a(lib_a-svfwprintf.o)
 *fill*         0x000000000800735e        0x2 
 .text._svfwprintf_r
                0x0000000008007360      0xaf4 /home/alexandro/AT32IDE/platform/tools/gcc-arm-none-eabi-10.3-2021.10/bin/../lib/gcc/arm-none-eabi/10.3.1/../../../../arm-none-eabi/lib/thumb/v7e-m+fp/hard/libg_nano.a(lib_a-svfwprintf.o)
                0x0000000008007360                _svfwprintf_r
 .text.wcslen   0x0000000008007e54       0x12 /home/alexandro/AT32IDE/platform/tools/gcc-arm-none-eabi-10.3-2021.10/bin/../lib/gcc/arm-none-eabi/10.3.1/../../../../arm-none-eabi/lib/thumb/v7e-m+fp/hard/libg_nano.a(lib_a-wcslen.o)
                0x0000000008007e54                wcslen
 .text.__ascii_wctomb
                0x0000000008007e66       0x1a /home/alexandro/AT32IDE/platform/tools/gcc-arm-none-eabi-10.3-2021.10/bin/../lib/gcc/arm-none-eabi/10.3.1/../../../../arm-none-eabi/lib/thumb/v7e-m+fp/hard/libg_nano.a(lib_a-wctomb_r.o)
                0x0000000008007e66                __ascii_wctomb
 .text.wmemchr  0x0000000008007e80       0x1e /home/alexandro/AT32IDE/platform/tools/gcc-arm-none-eabi-10.3-2021.10/bin/../lib/gcc/arm-none-eabi/10.3.1/../../../../arm-none-eabi/lib/thumb/v7e-m+fp/hard/libg_nano.a(lib_a-wmemchr.o)
                0x0000000008007e80                wmemchr
 *fill*         0x0000000008007e9e        0x2 
 .text._write_r
                0x0000000008007ea0       0x24 /home/alexandro/AT32IDE/platform/tools/gcc-arm-none-eabi-10.3-2021.10/bin/../lib/gcc/arm-none-eabi/10.3.1/../../../../arm-none-eabi/lib/thumb/v7e-m+fp/hard/libg_nano.a(lib_a-writer.o)
                0x0000000008007ea0                _write_r
 .text.btowc    0x0000000008007ec4       0x94 /home/alexandro/AT32IDE/platform/tools/gcc-arm-none-eabi-10.3-2021.10/bin/../lib/gcc/arm-none-eabi/10.3.1/../../../../arm-none-eabi/lib/thumb/v7e-m+fp/hard/libg_nano.a(lib_a-btowc.o)
                0x0000000008007ec4                btowc
 .text._close_r
                0x0000000008007f58       0x20 /home/alexandro/AT32IDE/platform/tools/gcc-arm-none-eabi-10.3-2021.10/bin/../lib/gcc/arm-none-eabi/10.3.1/../../../../arm-none-eabi/lib/thumb/v7e-m+fp/hard/libg_nano.a(lib_a-closer.o)
                0x0000000008007f58                _close_r
 .text.quorem   0x0000000008007f78      0x116 /home/alexandro/AT32IDE/platform/tools/gcc-arm-none-eabi-10.3-2021.10/bin/../lib/gcc/arm-none-eabi/10.3.1/../../../../arm-none-eabi/lib/thumb/v7e-m+fp/hard/libg_nano.a(lib_a-dtoa.o)
 *fill*         0x000000000800808e        0x2 
 .text._dtoa_r  0x0000000008008090      0xbdc /home/alexandro/AT32IDE/platform/tools/gcc-arm-none-eabi-10.3-2021.10/bin/../lib/gcc/arm-none-eabi/10.3.1/../../../../arm-none-eabi/lib/thumb/v7e-m+fp/hard/libg_nano.a(lib_a-dtoa.o)
                0x0000000008008090                _dtoa_r
 .text._fstat_r
                0x0000000008008c6c       0x24 /home/alexandro/AT32IDE/platform/tools/gcc-arm-none-eabi-10.3-2021.10/bin/../lib/gcc/arm-none-eabi/10.3.1/../../../../arm-none-eabi/lib/thumb/v7e-m+fp/hard/libg_nano.a(lib_a-fstatr.o)
                0x0000000008008c6c                _fstat_r
 .text._isatty_r
                0x0000000008008c90       0x20 /home/alexandro/AT32IDE/platform/tools/gcc-arm-none-eabi-10.3-2021.10/bin/../lib/gcc/arm-none-eabi/10.3.1/../../../../arm-none-eabi/lib/thumb/v7e-m+fp/hard/libg_nano.a(lib_a-isattyr.o)
                0x0000000008008c90                _isatty_r
 .text._localeconv_r
                0x0000000008008cb0        0x8 /home/alexandro/AT32IDE/platform/tools/gcc-arm-none-eabi-10.3-2021.10/bin/../lib/gcc/arm-none-eabi/10.3.1/../../../../arm-none-eabi/lib/thumb/v7e-m+fp/hard/libg_nano.a(lib_a-localeconv.o)
                0x0000000008008cb0                _localeconv_r
 .text._lseek_r
                0x0000000008008cb8       0x24 /home/alexandro/AT32IDE/platform/tools/gcc-arm-none-eabi-10.3-2021.10/bin/../lib/gcc/arm-none-eabi/10.3.1/../../../../arm-none-eabi/lib/thumb/v7e-m+fp/hard/libg_nano.a(lib_a-lseekr.o)
                0x0000000008008cb8                _lseek_r
 .text.__malloc_lock
                0x0000000008008cdc        0xc /home/alexandro/AT32IDE/platform/tools/gcc-arm-none-eabi-10.3-2021.10/bin/../lib/gcc/arm-none-eabi/10.3.1/../../../../arm-none-eabi/lib/thumb/v7e-m+fp/hard/libg_nano.a(lib_a-mlock.o)
                0x0000000008008cdc                __malloc_lock
 .text.__malloc_unlock
                0x0000000008008ce8        0xc /home/alexandro/AT32IDE/platform/tools/gcc-arm-none-eabi-10.3-2021.10/bin/../lib/gcc/arm-none-eabi/10.3.1/../../../../arm-none-eabi/lib/thumb/v7e-m+fp/hard/libg_nano.a(lib_a-mlock.o)
                0x0000000008008ce8                __malloc_unlock
 .text._Balloc  0x0000000008008cf4       0x80 /home/alexandro/AT32IDE/platform/tools/gcc-arm-none-eabi-10.3-2021.10/bin/../lib/gcc/arm-none-eabi/10.3.1/../../../../arm-none-eabi/lib/thumb/v7e-m+fp/hard/libg_nano.a(lib_a-mprec.o)
                0x0000000008008cf4                _Balloc
 .text._Bfree   0x0000000008008d74       0x44 /home/alexandro/AT32IDE/platform/tools/gcc-arm-none-eabi-10.3-2021.10/bin/../lib/gcc/arm-none-eabi/10.3.1/../../../../arm-none-eabi/lib/thumb/v7e-m+fp/hard/libg_nano.a(lib_a-mprec.o)
                0x0000000008008d74                _Bfree
 .text.__multadd
                0x0000000008008db8       0x8c /home/alexandro/AT32IDE/platform/tools/gcc-arm-none-eabi-10.3-2021.10/bin/../lib/gcc/arm-none-eabi/10.3.1/../../../../arm-none-eabi/lib/thumb/v7e-m+fp/hard/libg_nano.a(lib_a-mprec.o)
                0x0000000008008db8                __multadd
 .text.__hi0bits
                0x0000000008008e44       0x40 /home/alexandro/AT32IDE/platform/tools/gcc-arm-none-eabi-10.3-2021.10/bin/../lib/gcc/arm-none-eabi/10.3.1/../../../../arm-none-eabi/lib/thumb/v7e-m+fp/hard/libg_nano.a(lib_a-mprec.o)
                0x0000000008008e44                __hi0bits
 .text.__lo0bits
                0x0000000008008e84       0x5e /home/alexandro/AT32IDE/platform/tools/gcc-arm-none-eabi-10.3-2021.10/bin/../lib/gcc/arm-none-eabi/10.3.1/../../../../arm-none-eabi/lib/thumb/v7e-m+fp/hard/libg_nano.a(lib_a-mprec.o)
                0x0000000008008e84                __lo0bits
 *fill*         0x0000000008008ee2        0x2 
 .text.__i2b    0x0000000008008ee4       0x2c /home/alexandro/AT32IDE/platform/tools/gcc-arm-none-eabi-10.3-2021.10/bin/../lib/gcc/arm-none-eabi/10.3.1/../../../../arm-none-eabi/lib/thumb/v7e-m+fp/hard/libg_nano.a(lib_a-mprec.o)
                0x0000000008008ee4                __i2b
 .text.__multiply
                0x0000000008008f10      0x154 /home/alexandro/AT32IDE/platform/tools/gcc-arm-none-eabi-10.3-2021.10/bin/../lib/gcc/arm-none-eabi/10.3.1/../../../../arm-none-eabi/lib/thumb/v7e-m+fp/hard/libg_nano.a(lib_a-mprec.o)
                0x0000000008008f10                __multiply
 .text.__pow5mult
                0x0000000008009064       0xb4 /home/alexandro/AT32IDE/platform/tools/gcc-arm-none-eabi-10.3-2021.10/bin/../lib/gcc/arm-none-eabi/10.3.1/../../../../arm-none-eabi/lib/thumb/v7e-m+fp/hard/libg_nano.a(lib_a-mprec.o)
                0x0000000008009064                __pow5mult
 .text.__lshift
                0x0000000008009118       0xe0 /home/alexandro/AT32IDE/platform/tools/gcc-arm-none-eabi-10.3-2021.10/bin/../lib/gcc/arm-none-eabi/10.3.1/../../../../arm-none-eabi/lib/thumb/v7e-m+fp/hard/libg_nano.a(lib_a-mprec.o)
                0x0000000008009118                __lshift
 .text.__mcmp   0x00000000080091f8       0x38 /home/alexandro/AT32IDE/platform/tools/gcc-arm-none-eabi-10.3-2021.10/bin/../lib/gcc/arm-none-eabi/10.3.1/../../../../arm-none-eabi/lib/thumb/v7e-m+fp/hard/libg_nano.a(lib_a-mprec.o)
                0x00000000080091f8                __mcmp
 .text.__mdiff  0x0000000008009230      0x114 /home/alexandro/AT32IDE/platform/tools/gcc-arm-none-eabi-10.3-2021.10/bin/../lib/gcc/arm-none-eabi/10.3.1/../../../../arm-none-eabi/lib/thumb/v7e-m+fp/hard/libg_nano.a(lib_a-mprec.o)
                0x0000000008009230                __mdiff
 .text.__d2b    0x0000000008009344       0xb8 /home/alexandro/AT32IDE/platform/tools/gcc-arm-none-eabi-10.3-2021.10/bin/../lib/gcc/arm-none-eabi/10.3.1/../../../../arm-none-eabi/lib/thumb/v7e-m+fp/hard/libg_nano.a(lib_a-mprec.o)
                0x0000000008009344                __d2b
 .text._calloc_r
                0x00000000080093fc       0x2c /home/alexandro/AT32IDE/platform/tools/gcc-arm-none-eabi-10.3-2021.10/bin/../lib/gcc/arm-none-eabi/10.3.1/../../../../arm-none-eabi/lib/thumb/v7e-m+fp/hard/libg_nano.a(lib_a-nano-callocr.o)
                0x00000000080093fc                _calloc_r
 .text.__ssputs_r
                0x0000000008009428       0xb6 /home/alexandro/AT32IDE/platform/tools/gcc-arm-none-eabi-10.3-2021.10/bin/../lib/gcc/arm-none-eabi/10.3.1/../../../../arm-none-eabi/lib/thumb/v7e-m+fp/hard/libg_nano.a(lib_a-nano-svfprintf.o)
                0x0000000008009428                __ssputs_r
 .text._printf_common
                0x00000000080094de       0xda /home/alexandro/AT32IDE/platform/tools/gcc-arm-none-eabi-10.3-2021.10/bin/../lib/gcc/arm-none-eabi/10.3.1/../../../../arm-none-eabi/lib/thumb/v7e-m+fp/hard/libg_nano.a(lib_a-nano-vfprintf_i.o)
                0x00000000080094de                _printf_common
 .text._printf_i
                0x00000000080095b8      0x24c /home/alexandro/AT32IDE/platform/tools/gcc-arm-none-eabi-10.3-2021.10/bin/../lib/gcc/arm-none-eabi/10.3.1/../../../../arm-none-eabi/lib/thumb/v7e-m+fp/hard/libg_nano.a(lib_a-nano-vfprintf_i.o)
                0x00000000080095b8                _printf_i
 .text._read_r  0x0000000008009804       0x24 /home/alexandro/AT32IDE/platform/tools/gcc-arm-none-eabi-10.3-2021.10/bin/../lib/gcc/arm-none-eabi/10.3.1/../../../../arm-none-eabi/lib/thumb/v7e-m+fp/hard/libg_nano.a(lib_a-readr.o)
                0x0000000008009804                _read_r
 .text.__assert_func
                0x0000000008009828       0x3c /home/alexandro/AT32IDE/platform/tools/gcc-arm-none-eabi-10.3-2021.10/bin/../lib/gcc/arm-none-eabi/10.3.1/../../../../arm-none-eabi/lib/thumb/v7e-m+fp/hard/libg_nano.a(lib_a-assert.o)
                0x0000000008009828                __assert_func
 .text.fprintf  0x0000000008009864       0x24 /home/alexandro/AT32IDE/platform/tools/gcc-arm-none-eabi-10.3-2021.10/bin/../lib/gcc/arm-none-eabi/10.3.1/../../../../arm-none-eabi/lib/thumb/v7e-m+fp/hard/libg_nano.a(lib_a-fprintf.o)
                0x0000000008009864                fprintf
                0x0000000008009864                fiprintf
 .text.memmove  0x0000000008009888       0x34 /home/alexandro/AT32IDE/platform/tools/gcc-arm-none-eabi-10.3-2021.10/bin/../lib/gcc/arm-none-eabi/10.3.1/../../../../arm-none-eabi/lib/thumb/v7e-m+fp/hard/libg_nano.a(lib_a-memmove.o)
                0x0000000008009888                memmove
 .text._realloc_r
                0x00000000080098bc       0x5e /home/alexandro/AT32IDE/platform/tools/gcc-arm-none-eabi-10.3-2021.10/bin/../lib/gcc/arm-none-eabi/10.3.1/../../../../arm-none-eabi/lib/thumb/v7e-m+fp/hard/libg_nano.a(lib_a-nano-reallocr.o)
                0x00000000080098bc                _realloc_r
 .text.__sfputc_r
                0x000000000800991a       0x2e /home/alexandro/AT32IDE/platform/tools/gcc-arm-none-eabi-10.3-2021.10/bin/../lib/gcc/arm-none-eabi/10.3.1/../../../../arm-none-eabi/lib/thumb/v7e-m+fp/hard/libg_nano.a(lib_a-nano-vfprintf.o)
 .text.__sfputs_r
                0x0000000008009948       0x24 /home/alexandro/AT32IDE/platform/tools/gcc-arm-none-eabi-10.3-2021.10/bin/../lib/gcc/arm-none-eabi/10.3.1/../../../../arm-none-eabi/lib/thumb/v7e-m+fp/hard/libg_nano.a(lib_a-nano-vfprintf.o)
                0x0000000008009948                __sfputs_r
 .text._vfprintf_r
                0x000000000800996c      0x260 /home/alexandro/AT32IDE/platform/tools/gcc-arm-none-eabi-10.3-2021.10/bin/../lib/gcc/arm-none-eabi/10.3.1/../../../../arm-none-eabi/lib/thumb/v7e-m+fp/hard/libg_nano.a(lib_a-nano-vfprintf.o)
                0x000000000800996c                _vfiprintf_r
                0x000000000800996c                _vfprintf_r
 .text.__swbuf_r
                0x0000000008009bcc       0xa4 /home/alexandro/AT32IDE/platform/tools/gcc-arm-none-eabi-10.3-2021.10/bin/../lib/gcc/arm-none-eabi/10.3.1/../../../../arm-none-eabi/lib/thumb/v7e-m+fp/hard/libg_nano.a(lib_a-wbuf.o)
                0x0000000008009bcc                __swbuf_r
 .text.__swsetup_r
                0x0000000008009c70       0xdc /home/alexandro/AT32IDE/platform/tools/gcc-arm-none-eabi-10.3-2021.10/bin/../lib/gcc/arm-none-eabi/10.3.1/../../../../arm-none-eabi/lib/thumb/v7e-m+fp/hard/libg_nano.a(lib_a-wsetup.o)
                0x0000000008009c70                __swsetup_r
 .text.abort    0x0000000008009d4c        0xe /home/alexandro/AT32IDE/platform/tools/gcc-arm-none-eabi-10.3-2021.10/bin/../lib/gcc/arm-none-eabi/10.3.1/../../../../arm-none-eabi/lib/thumb/v7e-m+fp/hard/libg_nano.a(lib_a-abort.o)
                0x0000000008009d4c                abort
 .text._malloc_usable_size_r
                0x0000000008009d5a       0x10 /home/alexandro/AT32IDE/platform/tools/gcc-arm-none-eabi-10.3-2021.10/bin/../lib/gcc/arm-none-eabi/10.3.1/../../../../arm-none-eabi/lib/thumb/v7e-m+fp/hard/libg_nano.a(lib_a-nano-msizer.o)
                0x0000000008009d5a                _malloc_usable_size_r
 .text._raise_r
                0x0000000008009d6a       0x50 /home/alexandro/AT32IDE/platform/tools/gcc-arm-none-eabi-10.3-2021.10/bin/../lib/gcc/arm-none-eabi/10.3.1/../../../../arm-none-eabi/lib/thumb/v7e-m+fp/hard/libg_nano.a(lib_a-signal.o)
                0x0000000008009d6a                _raise_r
 *fill*         0x0000000008009dba        0x2 
 .text.raise    0x0000000008009dbc       0x10 /home/alexandro/AT32IDE/platform/tools/gcc-arm-none-eabi-10.3-2021.10/bin/../lib/gcc/arm-none-eabi/10.3.1/../../../../arm-none-eabi/lib/thumb/v7e-m+fp/hard/libg_nano.a(lib_a-signal.o)
                0x0000000008009dbc                raise
 .text._kill_r  0x0000000008009dcc       0x24 /home/alexandro/AT32IDE/platform/tools/gcc-arm-none-eabi-10.3-2021.10/bin/../lib/gcc/arm-none-eabi/10.3.1/../../../../arm-none-eabi/lib/thumb/v7e-m+fp/hard/libg_nano.a(lib_a-signalr.o)
                0x0000000008009dcc                _kill_r
 .text._getpid_r
                0x0000000008009df0        0x4 /home/alexandro/AT32IDE/platform/tools/gcc-arm-none-eabi-10.3-2021.10/bin/../lib/gcc/arm-none-eabi/10.3.1/../../../../arm-none-eabi/lib/thumb/v7e-m+fp/hard/libg_nano.a(lib_a-signalr.o)
                0x0000000008009df0                _getpid_r
 .text._close   0x0000000008009df4       0x10 /home/alexandro/AT32IDE/platform/tools/gcc-arm-none-eabi-10.3-2021.10/bin/../lib/gcc/arm-none-eabi/10.3.1/../../../../arm-none-eabi/lib/thumb/v7e-m+fp/hard/libnosys.a(close.o)
                0x0000000008009df4                _close
 .text._fstat   0x0000000008009e04       0x10 /home/alexandro/AT32IDE/platform/tools/gcc-arm-none-eabi-10.3-2021.10/bin/../lib/gcc/arm-none-eabi/10.3.1/../../../../arm-none-eabi/lib/thumb/v7e-m+fp/hard/libnosys.a(fstat.o)
                0x0000000008009e04                _fstat
 .text._getpid  0x0000000008009e14       0x10 /home/alexandro/AT32IDE/platform/tools/gcc-arm-none-eabi-10.3-2021.10/bin/../lib/gcc/arm-none-eabi/10.3.1/../../../../arm-none-eabi/lib/thumb/v7e-m+fp/hard/libnosys.a(getpid.o)
                0x0000000008009e14                _getpid
 .text._isatty  0x0000000008009e24       0x10 /home/alexandro/AT32IDE/platform/tools/gcc-arm-none-eabi-10.3-2021.10/bin/../lib/gcc/arm-none-eabi/10.3.1/../../../../arm-none-eabi/lib/thumb/v7e-m+fp/hard/libnosys.a(isatty.o)
                0x0000000008009e24                _isatty
 .text._kill    0x0000000008009e34       0x10 /home/alexandro/AT32IDE/platform/tools/gcc-arm-none-eabi-10.3-2021.10/bin/../lib/gcc/arm-none-eabi/10.3.1/../../../../arm-none-eabi/lib/thumb/v7e-m+fp/hard/libnosys.a(kill.o)
                0x0000000008009e34                _kill
 .text._lseek   0x0000000008009e44       0x10 /home/alexandro/AT32IDE/platform/tools/gcc-arm-none-eabi-10.3-2021.10/bin/../lib/gcc/arm-none-eabi/10.3.1/../../../../arm-none-eabi/lib/thumb/v7e-m+fp/hard/libnosys.a(lseek.o)
                0x0000000008009e44                _lseek
 .text._read    0x0000000008009e54       0x10 /home/alexandro/AT32IDE/platform/tools/gcc-arm-none-eabi-10.3-2021.10/bin/../lib/gcc/arm-none-eabi/10.3.1/../../../../arm-none-eabi/lib/thumb/v7e-m+fp/hard/libnosys.a(read.o)
                0x0000000008009e54                _read
 .text._sbrk    0x0000000008009e64       0x1c /home/alexandro/AT32IDE/platform/tools/gcc-arm-none-eabi-10.3-2021.10/bin/../lib/gcc/arm-none-eabi/10.3.1/../../../../arm-none-eabi/lib/thumb/v7e-m+fp/hard/libnosys.a(sbrk.o)
                0x0000000008009e64                _sbrk
 .text._exit    0x0000000008009e80        0x4 /home/alexandro/AT32IDE/platform/tools/gcc-arm-none-eabi-10.3-2021.10/bin/../lib/gcc/arm-none-eabi/10.3.1/../../../../arm-none-eabi/lib/thumb/v7e-m+fp/hard/libnosys.a(_exit.o)
                0x0000000008009e80                _exit
 *(.glue_7)
 .glue_7        0x0000000008009e84        0x0 linker stubs
 *(.glue_7t)
 .glue_7t       0x0000000008009e84        0x0 linker stubs
 *(.eh_frame)
 .eh_frame      0x0000000008009e84        0x0 /home/alexandro/AT32IDE/platform/tools/gcc-arm-none-eabi-10.3-2021.10/bin/../lib/gcc/arm-none-eabi/10.3.1/thumb/v7e-m+fp/hard/crtbegin.o
 *(.init)
 .init          0x0000000008009e84        0x4 /home/alexandro/AT32IDE/platform/tools/gcc-arm-none-eabi-10.3-2021.10/bin/../lib/gcc/arm-none-eabi/10.3.1/thumb/v7e-m+fp/hard/crti.o
                0x0000000008009e84                _init
 .init          0x0000000008009e88        0x8 /home/alexandro/AT32IDE/platform/tools/gcc-arm-none-eabi-10.3-2021.10/bin/../lib/gcc/arm-none-eabi/10.3.1/thumb/v7e-m+fp/hard/crtn.o
 *(.fini)
 .fini          0x0000000008009e90        0x4 /home/alexandro/AT32IDE/platform/tools/gcc-arm-none-eabi-10.3-2021.10/bin/../lib/gcc/arm-none-eabi/10.3.1/thumb/v7e-m+fp/hard/crti.o
                0x0000000008009e90                _fini
 .fini          0x0000000008009e94        0x8 /home/alexandro/AT32IDE/platform/tools/gcc-arm-none-eabi-10.3-2021.10/bin/../lib/gcc/arm-none-eabi/10.3.1/thumb/v7e-m+fp/hard/crtn.o
                0x0000000008009e9c                . = ALIGN (0x4)
                0x0000000008009e9c                _etext = .

.vfp11_veneer   0x0000000008009e9c        0x0
 .vfp11_veneer  0x0000000008009e9c        0x0 linker stubs

.v4_bx          0x0000000008009e9c        0x0
 .v4_bx         0x0000000008009e9c        0x0 linker stubs

.iplt           0x0000000008009e9c        0x0
 .iplt          0x0000000008009e9c        0x0 /home/alexandro/AT32IDE/platform/tools/gcc-arm-none-eabi-10.3-2021.10/bin/../lib/gcc/arm-none-eabi/10.3.1/thumb/v7e-m+fp/hard/crtbegin.o

.rodata         0x0000000008009ea0     0x8ee4
                0x0000000008009ea0                . = ALIGN (0x4)
 *(.rodata)
 .rodata        0x0000000008009ea0     0x4abc ./user/hardware/lcd/at32_video_ev_font.o
                0x0000000008009ea0                CHAR_INDEX_ARRAY_SIZE
                0x0000000008009ea4                Montserrat_16
                0x0000000008009eb0                Montserrat_12
                0x0000000008009ebc                Montserrat_16_bitmap
                0x000000000800c0f0                Montserrat_16_glf
                0x000000000800cb10                Montserrat_12_bitmap
                0x000000000800df3c                Montserrat_12_glf
 .rodata        0x000000000800e95c     0x3498 ./user/images.o
                0x000000000800e95c                Geoscan_logo_map
                0x000000000800efa4                Info_map
                0x000000000800f454                Power_map
                0x000000000800f904                Settings_map
                0x000000000800fdb4                Geoscan_map
                0x0000000008010264                Function_map
                0x0000000008010714                Back_map
                0x0000000008010bc4                Display_map
                0x0000000008011074                Network_map
                0x0000000008011524                Clear_map
                0x0000000008011944                Input_map
 .rodata        0x0000000008011df4      0x3bc ./user/menu_functions.o
                0x0000000008011ebc                button_positions
 .rodata        0x00000000080121b0      0x5e0 ./user/ssd1306_menu.o
                0x00000000080121b0                lcd_width
                0x00000000080121b2                lcd_height
                0x00000000080121b4                SCROLL_BAR_HEIGHT
 .rodata        0x0000000008012790       0x10 ./cmsis/system_at32f403a_407.o
 *(.rodata*)
 .rodata._global_impure_ptr
                0x00000000080127a0        0x4 /home/alexandro/AT32IDE/platform/tools/gcc-arm-none-eabi-10.3-2021.10/bin/../lib/gcc/arm-none-eabi/10.3.1/../../../../arm-none-eabi/lib/thumb/v7e-m+fp/hard/libg_nano.a(lib_a-impure.o)
                0x00000000080127a0                _global_impure_ptr
 .rodata.__sf_fake_stderr
                0x00000000080127a4       0x20 /home/alexandro/AT32IDE/platform/tools/gcc-arm-none-eabi-10.3-2021.10/bin/../lib/gcc/arm-none-eabi/10.3.1/../../../../arm-none-eabi/lib/thumb/v7e-m+fp/hard/libg_nano.a(lib_a-findfp.o)
                0x00000000080127a4                __sf_fake_stderr
 .rodata.__sf_fake_stdin
                0x00000000080127c4       0x20 /home/alexandro/AT32IDE/platform/tools/gcc-arm-none-eabi-10.3-2021.10/bin/../lib/gcc/arm-none-eabi/10.3.1/../../../../arm-none-eabi/lib/thumb/v7e-m+fp/hard/libg_nano.a(lib_a-findfp.o)
                0x00000000080127c4                __sf_fake_stdin
 .rodata.__sf_fake_stdout
                0x00000000080127e4       0x20 /home/alexandro/AT32IDE/platform/tools/gcc-arm-none-eabi-10.3-2021.10/bin/../lib/gcc/arm-none-eabi/10.3.1/../../../../arm-none-eabi/lib/thumb/v7e-m+fp/hard/libg_nano.a(lib_a-findfp.o)
                0x00000000080127e4                __sf_fake_stdout
 .rodata._setlocale_r.str1.1
                0x0000000008012804        0x8 /home/alexandro/AT32IDE/platform/tools/gcc-arm-none-eabi-10.3-2021.10/bin/../lib/gcc/arm-none-eabi/10.3.1/../../../../arm-none-eabi/lib/thumb/v7e-m+fp/hard/libg_nano.a(lib_a-locale.o)
                                          0x9 (size before relaxing)
 .rodata.str1.1
                0x000000000801280c        0x2 /home/alexandro/AT32IDE/platform/tools/gcc-arm-none-eabi-10.3-2021.10/bin/../lib/gcc/arm-none-eabi/10.3.1/../../../../arm-none-eabi/lib/thumb/v7e-m+fp/hard/libg_nano.a(lib_a-locale.o)
 *fill*         0x000000000801280e        0x2 
 .rodata._svfwprintf_r.str4.4
                0x0000000008012810       0xd0 /home/alexandro/AT32IDE/platform/tools/gcc-arm-none-eabi-10.3-2021.10/bin/../lib/gcc/arm-none-eabi/10.3.1/../../../../arm-none-eabi/lib/thumb/v7e-m+fp/hard/libg_nano.a(lib_a-svfwprintf.o)
 .rodata.blanks.1
                0x00000000080128e0       0x40 /home/alexandro/AT32IDE/platform/tools/gcc-arm-none-eabi-10.3-2021.10/bin/../lib/gcc/arm-none-eabi/10.3.1/../../../../arm-none-eabi/lib/thumb/v7e-m+fp/hard/libg_nano.a(lib_a-svfwprintf.o)
 .rodata.zeroes.0
                0x0000000008012920       0x40 /home/alexandro/AT32IDE/platform/tools/gcc-arm-none-eabi-10.3-2021.10/bin/../lib/gcc/arm-none-eabi/10.3.1/../../../../arm-none-eabi/lib/thumb/v7e-m+fp/hard/libg_nano.a(lib_a-svfwprintf.o)
 .rodata.btowc.str1.1
                0x0000000008012960       0x96 /home/alexandro/AT32IDE/platform/tools/gcc-arm-none-eabi-10.3-2021.10/bin/../lib/gcc/arm-none-eabi/10.3.1/../../../../arm-none-eabi/lib/thumb/v7e-m+fp/hard/libg_nano.a(lib_a-btowc.o)
 .rodata._ctype_
                0x00000000080129f6      0x101 /home/alexandro/AT32IDE/platform/tools/gcc-arm-none-eabi-10.3-2021.10/bin/../lib/gcc/arm-none-eabi/10.3.1/../../../../arm-none-eabi/lib/thumb/v7e-m+fp/hard/libg_nano.a(lib_a-ctype_.o)
                0x00000000080129f6                _ctype_
 .rodata._dtoa_r.str1.1
                0x0000000008012af7       0x9e /home/alexandro/AT32IDE/platform/tools/gcc-arm-none-eabi-10.3-2021.10/bin/../lib/gcc/arm-none-eabi/10.3.1/../../../../arm-none-eabi/lib/thumb/v7e-m+fp/hard/libg_nano.a(lib_a-dtoa.o)
                                         0xb5 (size before relaxing)
 .rodata._Balloc.str1.1
                0x0000000008012b95       0x7f /home/alexandro/AT32IDE/platform/tools/gcc-arm-none-eabi-10.3-2021.10/bin/../lib/gcc/arm-none-eabi/10.3.1/../../../../arm-none-eabi/lib/thumb/v7e-m+fp/hard/libg_nano.a(lib_a-mprec.o)
                                         0x96 (size before relaxing)
 .rodata.__multadd.str1.1
                0x0000000008012c14       0x11 /home/alexandro/AT32IDE/platform/tools/gcc-arm-none-eabi-10.3-2021.10/bin/../lib/gcc/arm-none-eabi/10.3.1/../../../../arm-none-eabi/lib/thumb/v7e-m+fp/hard/libg_nano.a(lib_a-mprec.o)
 *fill*         0x0000000008012c14        0x4 
 .rodata.__mprec_bigtens
                0x0000000008012c18       0x28 /home/alexandro/AT32IDE/platform/tools/gcc-arm-none-eabi-10.3-2021.10/bin/../lib/gcc/arm-none-eabi/10.3.1/../../../../arm-none-eabi/lib/thumb/v7e-m+fp/hard/libg_nano.a(lib_a-mprec.o)
                0x0000000008012c18                __mprec_bigtens
 .rodata.__mprec_tens
                0x0000000008012c40       0xc8 /home/alexandro/AT32IDE/platform/tools/gcc-arm-none-eabi-10.3-2021.10/bin/../lib/gcc/arm-none-eabi/10.3.1/../../../../arm-none-eabi/lib/thumb/v7e-m+fp/hard/libg_nano.a(lib_a-mprec.o)
                0x0000000008012c40                __mprec_tens
 .rodata.p05.0  0x0000000008012d08        0xc /home/alexandro/AT32IDE/platform/tools/gcc-arm-none-eabi-10.3-2021.10/bin/../lib/gcc/arm-none-eabi/10.3.1/../../../../arm-none-eabi/lib/thumb/v7e-m+fp/hard/libg_nano.a(lib_a-mprec.o)
 .rodata._printf_i.str1.1
                0x0000000008012d14       0x22 /home/alexandro/AT32IDE/platform/tools/gcc-arm-none-eabi-10.3-2021.10/bin/../lib/gcc/arm-none-eabi/10.3.1/../../../../arm-none-eabi/lib/thumb/v7e-m+fp/hard/libg_nano.a(lib_a-nano-vfprintf_i.o)
 .rodata.__assert_func.str1.1
                0x0000000008012d36       0x3c /home/alexandro/AT32IDE/platform/tools/gcc-arm-none-eabi-10.3-2021.10/bin/../lib/gcc/arm-none-eabi/10.3.1/../../../../arm-none-eabi/lib/thumb/v7e-m+fp/hard/libg_nano.a(lib_a-assert.o)
                                         0x3d (size before relaxing)
 .rodata._vfprintf_r.str1.1
                0x0000000008012d72       0x11 /home/alexandro/AT32IDE/platform/tools/gcc-arm-none-eabi-10.3-2021.10/bin/../lib/gcc/arm-none-eabi/10.3.1/../../../../arm-none-eabi/lib/thumb/v7e-m+fp/hard/libg_nano.a(lib_a-nano-vfprintf.o)
                0x0000000008012d84                . = ALIGN (0x4)
 *fill*         0x0000000008012d83        0x1 

.rel.dyn        0x0000000008012d84        0x0
 .rel.iplt      0x0000000008012d84        0x0 /home/alexandro/AT32IDE/platform/tools/gcc-arm-none-eabi-10.3-2021.10/bin/../lib/gcc/arm-none-eabi/10.3.1/thumb/v7e-m+fp/hard/crtbegin.o

.ARM.extab
 *(.ARM.extab* .gnu.linkonce.armextab.*)

.ARM            0x0000000008012d84        0x0
                0x0000000008012d84                __exidx_start = .
 *(.ARM.exidx*)
                0x0000000008012d84                __exidx_end = .

.preinit_array  0x0000000008012d84        0x0
                0x0000000008012d84                PROVIDE (__preinit_array_start = .)
 *(.preinit_array*)
                0x0000000008012d84                PROVIDE (__preinit_array_end = .)

.init_array     0x0000000008012d84        0x4
                0x0000000008012d84                PROVIDE (__init_array_start = .)
 *(SORT_BY_NAME(.init_array.*))
 *(.init_array*)
 .init_array    0x0000000008012d84        0x4 /home/alexandro/AT32IDE/platform/tools/gcc-arm-none-eabi-10.3-2021.10/bin/../lib/gcc/arm-none-eabi/10.3.1/thumb/v7e-m+fp/hard/crtbegin.o
                0x0000000008012d88                PROVIDE (__init_array_end = .)

.fini_array     0x0000000008012d88        0x4
                [!provide]                        PROVIDE (__fini_array_start = .)
 *(SORT_BY_NAME(.fini_array.*))
 *(.fini_array*)
 .fini_array    0x0000000008012d88        0x4 /home/alexandro/AT32IDE/platform/tools/gcc-arm-none-eabi-10.3-2021.10/bin/../lib/gcc/arm-none-eabi/10.3.1/thumb/v7e-m+fp/hard/crtbegin.o
                [!provide]                        PROVIDE (__fini_array_end = .)
                0x0000000008012d8c                _sidata = LOADADDR (.data)

.data           0x0000000020000000      0xa6c load address 0x0000000008012d8c
                0x0000000020000000                . = ALIGN (0x4)
                0x0000000020000000                _sdata = .
 *(.data)
 .data          0x0000000020000000      0x78c ./user/hardware/lcd/at32_video_ev_font.o
                0x0000000020000000                charIndexArray
 .data          0x000000002000078c        0x1 ./user/encoder_navigation.o
                0x000000002000078c                scroll_threshold
 *fill*         0x000000002000078d        0x3 
 .data          0x0000000020000790       0x84 ./user/images.o
                0x0000000020000790                Geoscan_logo
                0x000000002000079c                Info
                0x00000000200007a8                Power
                0x00000000200007b4                Settings
                0x00000000200007c0                Geoscan
                0x00000000200007cc                Function
                0x00000000200007d8                Back
                0x00000000200007e4                Display
                0x00000000200007f0                Network
                0x00000000200007fc                Clear
                0x0000000020000808                Input
 .data          0x0000000020000814       0x60 ./user/ssd1306_menu.o
                0x0000000020000814                brightness_data
                0x0000000020000820                inversion_state
 .data          0x0000000020000874        0x4 ./cmsis/system_at32f403a_407.o
                0x0000000020000874                system_core_clock
 .data          0x0000000020000878       0x21 ./bsp/at32f403a_407_board.o
                0x0000000020000878                led_gpio_port
                0x0000000020000884                led_gpio_pin
                0x000000002000088c                led_gpio_crm_clk
 *(.data*)
 *fill*         0x0000000020000899        0x3 
 .data._impure_ptr
                0x000000002000089c        0x4 /home/alexandro/AT32IDE/platform/tools/gcc-arm-none-eabi-10.3-2021.10/bin/../lib/gcc/arm-none-eabi/10.3.1/../../../../arm-none-eabi/lib/thumb/v7e-m+fp/hard/libg_nano.a(lib_a-impure.o)
                0x000000002000089c                _impure_ptr
 .data.impure_data
                0x00000000200008a0       0x60 /home/alexandro/AT32IDE/platform/tools/gcc-arm-none-eabi-10.3-2021.10/bin/../lib/gcc/arm-none-eabi/10.3.1/../../../../arm-none-eabi/lib/thumb/v7e-m+fp/hard/libg_nano.a(lib_a-impure.o)
 .data.__global_locale
                0x0000000020000900      0x16c /home/alexandro/AT32IDE/platform/tools/gcc-arm-none-eabi-10.3-2021.10/bin/../lib/gcc/arm-none-eabi/10.3.1/../../../../arm-none-eabi/lib/thumb/v7e-m+fp/hard/libg_nano.a(lib_a-locale.o)
                0x0000000020000900                __global_locale
                0x0000000020000a6c                . = ALIGN (0x4)
                0x0000000020000a6c                _edata = .
                0x0000000008400000                _spim_init_base = LOADADDR (.spim)
                0x0000000000000000                _spim_init_length = SIZEOF (.spim)

.igot.plt       0x0000000020000a6c        0x0 load address 0x00000000080137f8
 .igot.plt      0x0000000020000a6c        0x0 /home/alexandro/AT32IDE/platform/tools/gcc-arm-none-eabi-10.3-2021.10/bin/../lib/gcc/arm-none-eabi/10.3.1/thumb/v7e-m+fp/hard/crtbegin.o

.spim           0x0000000008400000        0x0
                0x0000000008400000                . = ALIGN (0x4)
                0x0000000008400000                _spim_start = .
 *(.spim)
 *(.spim*)
                0x0000000008400000                . = ALIGN (0x4)
                0x0000000008400000                _spim_end = .
                0x0000000008400000                . = ALIGN (0x4)

.bss            0x0000000020000a6c     0xa6f4
                0x0000000020000a6c                _sbss = .
                0x0000000020000a6c                __bss_start__ = _sbss
 *(.bss)
 .bss           0x0000000020000a6c       0x1c /home/alexandro/AT32IDE/platform/tools/gcc-arm-none-eabi-10.3-2021.10/bin/../lib/gcc/arm-none-eabi/10.3.1/thumb/v7e-m+fp/hard/crtbegin.o
 .bss           0x0000000020000a88     0xa014 ./user/hardware/lcd/at32_video_ev_lcd.o
                0x0000000020000a88                point_color
                0x0000000020000a8c                lcddev
                0x0000000020000a9c                lcd_buffer
 .bss           0x000000002000aa9c        0x5 ./user/at32f403a_407_int.o
                0x000000002000aa9c                millis_counter
                0x000000002000aaa0                flag_timeout
 *fill*         0x000000002000aaa1        0x3 
 .bss           0x000000002000aaa4       0x1c ./user/encoder_navigation.o
                0x000000002000aaa8                buttonStarttime
                0x000000002000aab8                encoder_delta
                0x000000002000aabc                temp_encoder
 .bss           0x000000002000aac0       0x1c ./user/main.o
                0x000000002000aac0                current_time
                0x000000002000aac4                buttonState
                0x000000002000aac8                buttonPressTime
                0x000000002000aacc                eeprom_val
                0x000000002000aad4                run
                0x000000002000aad6                eeprom
                0x000000002000aad8                button_press_time
 .bss           0x000000002000aadc       0xac ./user/menu_functions.o
                0x000000002000aadc                encoder_count
                0x000000002000aae0                temporary_encoder
                0x000000002000aae4                value
                0x000000002000ab48                functionRunning
                0x000000002000ab49                button_pressed
                0x000000002000ab4a                isPlaying
                0x000000002000ab4b                colorInversionState
                0x000000002000ab4c                functionStartTime
                0x000000002000ab50                isInversed
                0x000000002000ab51                isEditing
                0x000000002000ab52                entered_number
                0x000000002000ab54                input_number
                0x000000002000ab80                input_length
                0x000000002000ab84                encoder_position
 .bss           0x000000002000ab88      0x5bc ./user/ssd1306_menu.o
                0x000000002000ab88                current_menu
                0x000000002000ab8c                MainMenu
                0x000000002000ae2c                DisplayMenu
                0x000000002000afec                SettingsMenu
                0x000000002000b13c                selected_item
                0x000000002000b13e                menu_y_offset
                0x000000002000b140                active_menu_item
 .bss           0x000000002000b144        0x8 ./bsp/at32f403a_407_board.o
 *(.bss*)
 .bss.__lock___malloc_recursive_mutex
                0x000000002000b14c        0x1 /home/alexandro/AT32IDE/platform/tools/gcc-arm-none-eabi-10.3-2021.10/bin/../lib/gcc/arm-none-eabi/10.3.1/../../../../arm-none-eabi/lib/thumb/v7e-m+fp/hard/libg_nano.a(lib_a-lock.o)
                0x000000002000b14c                __lock___malloc_recursive_mutex
 .bss.__lock___sfp_recursive_mutex
                0x000000002000b14d        0x1 /home/alexandro/AT32IDE/platform/tools/gcc-arm-none-eabi-10.3-2021.10/bin/../lib/gcc/arm-none-eabi/10.3.1/../../../../arm-none-eabi/lib/thumb/v7e-m+fp/hard/libg_nano.a(lib_a-lock.o)
                0x000000002000b14d                __lock___sfp_recursive_mutex
 .bss.__lock___sinit_recursive_mutex
                0x000000002000b14e        0x1 /home/alexandro/AT32IDE/platform/tools/gcc-arm-none-eabi-10.3-2021.10/bin/../lib/gcc/arm-none-eabi/10.3.1/../../../../arm-none-eabi/lib/thumb/v7e-m+fp/hard/libg_nano.a(lib_a-lock.o)
                0x000000002000b14e                __lock___sinit_recursive_mutex
 *fill*         0x000000002000b14f        0x1 
 .bss.__malloc_free_list
                0x000000002000b150        0x4 /home/alexandro/AT32IDE/platform/tools/gcc-arm-none-eabi-10.3-2021.10/bin/../lib/gcc/arm-none-eabi/10.3.1/../../../../arm-none-eabi/lib/thumb/v7e-m+fp/hard/libg_nano.a(lib_a-nano-mallocr.o)
                0x000000002000b150                __malloc_free_list
 .bss.__malloc_sbrk_start
                0x000000002000b154        0x4 /home/alexandro/AT32IDE/platform/tools/gcc-arm-none-eabi-10.3-2021.10/bin/../lib/gcc/arm-none-eabi/10.3.1/../../../../arm-none-eabi/lib/thumb/v7e-m+fp/hard/libg_nano.a(lib_a-nano-mallocr.o)
                0x000000002000b154                __malloc_sbrk_start
 .bss.errno     0x000000002000b158        0x4 /home/alexandro/AT32IDE/platform/tools/gcc-arm-none-eabi-10.3-2021.10/bin/../lib/gcc/arm-none-eabi/10.3.1/../../../../arm-none-eabi/lib/thumb/v7e-m+fp/hard/libg_nano.a(lib_a-reent.o)
                0x000000002000b158                errno
 .bss.heap_end.0
                0x000000002000b15c        0x4 /home/alexandro/AT32IDE/platform/tools/gcc-arm-none-eabi-10.3-2021.10/bin/../lib/gcc/arm-none-eabi/10.3.1/../../../../arm-none-eabi/lib/thumb/v7e-m+fp/hard/libnosys.a(sbrk.o)
 *(COMMON)
                0x000000002000b160                . = ALIGN (0x4)
                0x000000002000b160                _ebss = .
                0x000000002000b160                __bss_end__ = _ebss

._user_heap_stack
                0x000000002000b160      0x600
                0x000000002000b160                . = ALIGN (0x8)
                0x000000002000b160                PROVIDE (end = .)
                [!provide]                        PROVIDE (_end = .)
                0x000000002000b360                . = (. + _Min_Heap_Size)
 *fill*         0x000000002000b160      0x200 
                0x000000002000b760                . = (. + _Min_Stack_Size)
 *fill*         0x000000002000b360      0x400 
                0x000000002000b760                . = ALIGN (0x8)

/DISCARD/
 libc.a(*)
 libm.a(*)
 libgcc.a(*)

.ARM.attributes
                0x0000000000000000       0x30
 *(.ARM.attributes)
 .ARM.attributes
                0x0000000000000000       0x1e /home/alexandro/AT32IDE/platform/tools/gcc-arm-none-eabi-10.3-2021.10/bin/../lib/gcc/arm-none-eabi/10.3.1/thumb/v7e-m+fp/hard/crti.o
 .ARM.attributes
                0x000000000000001e       0x34 /home/alexandro/AT32IDE/platform/tools/gcc-arm-none-eabi-10.3-2021.10/bin/../lib/gcc/arm-none-eabi/10.3.1/thumb/v7e-m+fp/hard/crtbegin.o
 .ARM.attributes
                0x0000000000000052       0x34 ./user/hardware/spi/at32_video_ev_spi.o
 .ARM.attributes
                0x0000000000000086       0x34 ./user/hardware/lcd/at32_video_ev_font.o
 .ARM.attributes
                0x00000000000000ba       0x34 ./user/hardware/lcd/at32_video_ev_lcd.o
 .ARM.attributes
                0x00000000000000ee       0x34 ./user/at32f403a_407_clock.o
 .ARM.attributes
                0x0000000000000122       0x34 ./user/at32f403a_407_config.o
 .ARM.attributes
                0x0000000000000156       0x34 ./user/at32f403a_407_int.o
 .ARM.attributes
                0x000000000000018a       0x34 ./user/eeprom.o
 .ARM.attributes
                0x00000000000001be       0x34 ./user/encoder_navigation.o
 .ARM.attributes
                0x00000000000001f2       0x34 ./user/images.o
 .ARM.attributes
                0x0000000000000226       0x34 ./user/main.o
 .ARM.attributes
                0x000000000000025a       0x34 ./user/menu_functions.o
 .ARM.attributes
                0x000000000000028e       0x34 ./user/ssd1306_menu.o
 .ARM.attributes
                0x00000000000002c2       0x34 ./firmware/at32f403a_407_crm.o
 .ARM.attributes
                0x00000000000002f6       0x34 ./firmware/at32f403a_407_dma.o
 .ARM.attributes
                0x000000000000032a       0x34 ./firmware/at32f403a_407_exint.o
 .ARM.attributes
                0x000000000000035e       0x34 ./firmware/at32f403a_407_flash.o
 .ARM.attributes
                0x0000000000000392       0x34 ./firmware/at32f403a_407_gpio.o
 .ARM.attributes
                0x00000000000003c6       0x34 ./firmware/at32f403a_407_misc.o
 .ARM.attributes
                0x00000000000003fa       0x34 ./firmware/at32f403a_407_spi.o
 .ARM.attributes
                0x000000000000042e       0x34 ./firmware/at32f403a_407_tmr.o
 .ARM.attributes
                0x0000000000000462       0x34 ./firmware/at32f403a_407_usart.o
 .ARM.attributes
                0x0000000000000496       0x21 ./cmsis/startup_at32f403a_407.o
 .ARM.attributes
                0x00000000000004b7       0x34 ./cmsis/system_at32f403a_407.o
 .ARM.attributes
                0x00000000000004eb       0x34 ./bsp/at32f403a_407_board.o
 .ARM.attributes
                0x000000000000051f       0x34 /home/alexandro/AT32IDE/platform/tools/gcc-arm-none-eabi-10.3-2021.10/bin/../lib/gcc/arm-none-eabi/10.3.1/../../../../arm-none-eabi/lib/thumb/v7e-m+fp/hard/libg_nano.a(lib_a-impure.o)
 .ARM.attributes
                0x0000000000000553       0x34 /home/alexandro/AT32IDE/platform/tools/gcc-arm-none-eabi-10.3-2021.10/bin/../lib/gcc/arm-none-eabi/10.3.1/../../../../arm-none-eabi/lib/thumb/v7e-m+fp/hard/libg_nano.a(lib_a-init.o)
 .ARM.attributes